{
  "_note1": "KEEP THIS FILE! Check it into a version control system (VCS) like git.",
  "_note2": "ObjectBox manages crucial IDs for your object model. See docs for details.",
  "_note3": "If you have VCS merge conflicts, you must resolve them according to ObjectBox docs.",
  "entities": [
    {
      "id": "1:8717895732742165505",
      "lastPropertyId": "23:3706853784096366226",
      "name": "Typeful",
      "flags": 6,
      "properties": [
        {
          "id": "1:3390393562759376202",
          "name": "id",
          "type": 6,
          "flags": 1
        },
        {
          "id": "2:2669985732393126063",
          "name": "int",
          "type": 5
        },
        {
          "id": "3:1774932891286980153",
          "name": "int8",
          "type": 2
        },
        {
          "id": "4:6044372234677422456",
          "name": "int16",
          "type": 3
        },
        {
          "id": "5:8274930044578894929",
          "name": "int32",
          "type": 5
        },
        {
          "id": "6:1543572285742637646",
          "name": "int64",
          "type": 6
        },
        {
          "id": "7:2661732831099943416",
          "name": "uint",
          "type": 5,
          "flags": 8192
        },
        {
          "id": "8:8325060299420976708",
          "name": "uint8",
          "type": 2,
          "flags": 8192
        },
        {
          "id": "9:7837839688282259259",
          "name": "uint16",
          "type": 3,
          "flags": 8192
        },
        {
          "id": "10:2518412263346885298",
          "name": "uint32",
          "type": 5,
          "flags": 8192
        },
        {
          "id": "11:5617773211005988520",
          "name": "uint64",
          "type": 6,
          "flags": 8192
        },
        {
          "id": "12:2339563716805116249",
          "name": "bool",
          "type": 1
        },
        {
          "id": "13:7144924247938981575",
          "name": "string",
          "type": 9
        },
        {
          "id": "14:161231572858529631",
          "name": "stringvector",
          "type": 30
        },
        {
          "id": "15:7259475919510918339",
          "name": "byte",
          "type": 2
        },
        {
          "id": "16:7373105480197164748",
          "name": "ubyte",
          "type": 2,
          "flags": 8192
        },
        {
          "id": "17:3287288577352441706",
          "name": "bytevector",
          "type": 23
        },
        {
          "id": "18:3930927879439176946",
          "name": "ubytevector",
          "type": 23
        },
        {
          "id": "19:4706154865122290029",
          "name": "float32",
          "type": 7
        },
        {
          "id": "20:2217592893536642650",
          "name": "float64",
          "type": 8
        },
        {
          "id": "21:1929546706668609706",
          "name": "float",
          "type": 7
        },
        {
          "id": "22:6392442863481646880",
          "name": "double",
          "type": 8
        },
        {
          "id": "23:3706853784096366226",
          "name": "relId",
          "indexId": "1:2627038740284806767",
          "type": 11,
          "flags": 520,
          "relationTarget": "AnnotatedEntity"
        }
      ]
    },
    {
      "id": "2:2259404117704393152",
      "lastPropertyId": "10:7845762441295307478",
      "name": "AnnotatedEntity",
      "flags": 2,
      "properties": [
        {
          "id": "1:6303220950515014660",
          "name": "identifier",
          "type": 6,
          "flags": 129
        },
        {
          "id": "2:4035568504096476779",
          "name": "name",
          "indexId": "2:959367522974354090",
          "type": 9,
          "flags": 2048
        },
        {
          "id": "3:2914295034816259174",
          "name": "time",
          "type": 10
        },
        {
          "id": "4:1395437218309923052",
          "name": "relId",
          "indexId": "3:6745438398739480977",
          "type": 11,
          "flags": 520,
          "relationTarget": "Typeful"
        },
        {
          "id": "5:2897681629866238117",
          "name": "unique",
          "indexId": "4:3398579248012586914",
          "type": 9,
          "flags": 2080
        },
        {
          "id": "6:5974317550424871033",
          "name": "uniqueValue",
          "indexId": "5:3317123977833389635",
          "type": 9,
          "flags": 40
        },
        {
          "id": "7:5001958211167890979",
          "name": "uniqueHash",
          "indexId": "6:167566062957544642",
          "type": 9,
          "flags": 2080
        },
        {
          "id": "8:4778690082005258714",
          "name": "uniqueHash64",
          "indexId": "7:1059542851699319360",
          "type": 9,
          "flags": 4128
        },
        {
          "id": "9:6972732843819909978",
          "name": "uid",
          "indexId": "8:5558237345453186302",
          "type": 5,
          "flags": 40
        },
        {
          "id": "10:7845762441295307478",
          "name": "flexValue",
          "type": 13
        }
      ],
      "relations": [
        {
          "id": "1:771642788862502430",
          "name": "typefuls",
          "targetId": "1:8717895732742165505"
        },
        {
          "id": "2:8514850266767180993",
          "name": "m2m",
          "targetId": "1:8717895732742165505"
        }
      ]
    },
    {
      "id": "3:6050128673802995827",
      "lastPropertyId": "2:4345851588384648695",
      "name": "TSDate",
      "properties": [
        {
          "id": "1:8683452355129068124",
          "name": "id",
          "type": 6,
          "flags": 1
        },
        {
          "id": "2:4345851588384648695",
          "name": "timestamp",
          "type": 10,
          "flags": 16384
        }
      ]
    },
    {
      "id": "4:501233450539197794",
      "lastPropertyId": "2:388440063886460141",
      "name": "TSDateNano",
      "properties": [
        {
          "id": "1:7699391924090763411",
          "name": "id",
          "type": 6,
          "flags": 1
        },
        {
          "id": "2:388440063886460141",
          "name": "timestamp",
          "type": 12,
          "flags": 16384
        }
      ]
    }
  ],
  "lastEntityId": "4:501233450539197794",
  "lastIndexId": "8:5558237345453186302",
  "lastRelationId": "2:8514850266767180993",
  "modelVersion": 5,
  "modelVersionParserMinimum": 5,
  "retiredEntityUids": [],
  "retiredIndexUids": [],
  "retiredPropertyUids": [],
  "retiredRelationUids": [],
  "version": 1
}