
# github.com/objectbox/objectbox-generator/v4/test/comparison/testdata/go/property-update
./objectbox-model.go:16:24: undefined: ABinding

exit status 2