// Code generated by ObjectBox; DO NOT EDIT.
// Learn more about defining entities and generating this file - visit https://golang.objectbox.io/entity-annotations

package object

import (
	"errors"
	"github.com/google/flatbuffers/go"
	ot "github.com/objectbox/objectbox-generator/test/comparison/testdata/go/typeful/other"
	"github.com/objectbox/objectbox-go/objectbox"
	"github.com/objectbox/objectbox-go/objectbox/fbutils"
)

type aliases_EntityInfo struct {
	objectbox.Entity
	Uid uint64
}

var AliasesBinding = aliases_EntityInfo{
	Entity: objectbox.Entity{
		Id: 1,
	},
	Uid: 8717895732742165505,
}

// Aliases_ contains type-based Property helpers to facilitate some common operations such as Queries.
var Aliases_ = struct {
	Id            *objectbox.PropertyUint64
	SameFile      *objectbox.PropertyString
	SamePackage   *objectbox.PropertyInt
	SameFile2     *objectbox.PropertyString
	SamePackage2  *objectbox.PropertyInt
	OtherPackage  *objectbox.PropertyString
	OtherPackage2 *objectbox.PropertyString
}{
	Id: &objectbox.PropertyUint64{
		BaseProperty: &objectbox.BaseProperty{
			Id:     1,
			Entity: &AliasesBinding.Entity,
		},
	},
	SameFile: &objectbox.PropertyString{
		BaseProperty: &objectbox.BaseProperty{
			Id:     2,
			Entity: &AliasesBinding.Entity,
		},
	},
	SamePackage: &objectbox.PropertyInt{
		BaseProperty: &objectbox.BaseProperty{
			Id:     3,
			Entity: &AliasesBinding.Entity,
		},
	},
	SameFile2: &objectbox.PropertyString{
		BaseProperty: &objectbox.BaseProperty{
			Id:     4,
			Entity: &AliasesBinding.Entity,
		},
	},
	SamePackage2: &objectbox.PropertyInt{
		BaseProperty: &objectbox.BaseProperty{
			Id:     5,
			Entity: &AliasesBinding.Entity,
		},
	},
	OtherPackage: &objectbox.PropertyString{
		BaseProperty: &objectbox.BaseProperty{
			Id:     6,
			Entity: &AliasesBinding.Entity,
		},
	},
	OtherPackage2: &objectbox.PropertyString{
		BaseProperty: &objectbox.BaseProperty{
			Id:     7,
			Entity: &AliasesBinding.Entity,
		},
	},
}

// GeneratorVersion is called by ObjectBox to verify the compatibility of the generator used to generate this code
func (aliases_EntityInfo) GeneratorVersion() int {
	return 6
}

// AddToModel is called by ObjectBox during model build
func (aliases_EntityInfo) AddToModel(model *objectbox.Model) {
	model.Entity("Aliases", 1, 8717895732742165505)
	model.Property("Id", 6, 1, 2259404117704393152)
	model.PropertyFlags(1)
	model.Property("SameFile", 9, 2, 6050128673802995827)
	model.Property("SamePackage", 6, 3, 501233450539197794)
	model.Property("SameFile2", 9, 4, 3390393562759376202)
	model.Property("SamePackage2", 6, 5, 2669985732393126063)
	model.Property("OtherPackage", 9, 6, 1774932891286980153)
	model.Property("OtherPackage2", 9, 7, 6044372234677422456)
	model.EntityLastPropertyId(7, 6044372234677422456)
}

// GetId is called by ObjectBox during Put operations to check for existing ID on an object
func (aliases_EntityInfo) GetId(object interface{}) (uint64, error) {
	return object.(*Aliases).Id, nil
}

// SetId is called by ObjectBox during Put to update an ID on an object that has just been inserted
func (aliases_EntityInfo) SetId(object interface{}, id uint64) error {
	object.(*Aliases).Id = id
	return nil
}

// PutRelated is called by ObjectBox to put related entities before the object itself is flattened and put
func (aliases_EntityInfo) PutRelated(ob *objectbox.ObjectBox, object interface{}, id uint64) error {
	return nil
}

// Flatten is called by ObjectBox to transform an object to a FlatBuffer
func (aliases_EntityInfo) Flatten(object interface{}, fbb *flatbuffers.Builder, id uint64) error {
	obj := object.(*Aliases)
	var offsetSameFile = fbutils.CreateStringOffset(fbb, obj.SameFile)
	var offsetSameFile2 = fbutils.CreateStringOffset(fbb, string(obj.SameFile2))
	var offsetOtherPackage = fbutils.CreateStringOffset(fbb, obj.OtherPackage)
	var offsetOtherPackage2 = fbutils.CreateStringOffset(fbb, string(obj.OtherPackage2))

	// build the FlatBuffers object
	fbb.StartObject(7)
	fbutils.SetUint64Slot(fbb, 0, id)
	fbutils.SetUOffsetTSlot(fbb, 1, offsetSameFile)
	fbutils.SetInt64Slot(fbb, 2, int64(obj.SamePackage))
	fbutils.SetUOffsetTSlot(fbb, 3, offsetSameFile2)
	fbutils.SetInt64Slot(fbb, 4, int64(int(obj.SamePackage2)))
	fbutils.SetUOffsetTSlot(fbb, 5, offsetOtherPackage)
	fbutils.SetUOffsetTSlot(fbb, 6, offsetOtherPackage2)
	return nil
}

// Load is called by ObjectBox to load an object from a FlatBuffer
func (aliases_EntityInfo) Load(ob *objectbox.ObjectBox, bytes []byte) (interface{}, error) {
	if len(bytes) == 0 { // sanity check, should "never" happen
		return nil, errors.New("can't deserialize an object of type 'Aliases' - no data received")
	}

	var table = &flatbuffers.Table{
		Bytes: bytes,
		Pos:   flatbuffers.GetUOffsetT(bytes),
	}

	var propId = table.GetUint64Slot(4, 0)

	return &Aliases{
		Id:            propId,
		SameFile:      fbutils.GetStringSlot(table, 6),
		SamePackage:   fbutils.GetIntSlot(table, 8),
		SameFile2:     sameFileNamed(fbutils.GetStringSlot(table, 10)),
		SamePackage2:  samePackageNamed(fbutils.GetIntSlot(table, 12)),
		OtherPackage:  fbutils.GetStringSlot(table, 14),
		OtherPackage2: ot.ForeignNamed(fbutils.GetStringSlot(table, 16)),
	}, nil
}

// MakeSlice is called by ObjectBox to construct a new slice to hold the read objects
func (aliases_EntityInfo) MakeSlice(capacity int) interface{} {
	return make([]*Aliases, 0, capacity)
}

// AppendToSlice is called by ObjectBox to fill the slice of the read objects
func (aliases_EntityInfo) AppendToSlice(slice interface{}, object interface{}) interface{} {
	if object == nil {
		return append(slice.([]*Aliases), nil)
	}
	return append(slice.([]*Aliases), object.(*Aliases))
}

// Box provides CRUD access to Aliases objects
type AliasesBox struct {
	*objectbox.Box
}

// BoxForAliases opens a box of Aliases objects
func BoxForAliases(ob *objectbox.ObjectBox) *AliasesBox {
	return &AliasesBox{
		Box: ob.InternalBox(1),
	}
}

// Put synchronously inserts/updates a single object.
// In case the Id is not specified, it would be assigned automatically (auto-increment).
// When inserting, the Aliases.Id property on the passed object will be assigned the new ID as well.
func (box *AliasesBox) Put(object *Aliases) (uint64, error) {
	return box.Box.Put(object)
}

// Insert synchronously inserts a single object. As opposed to Put, Insert will fail if given an ID that already exists.
// In case the Id is not specified, it would be assigned automatically (auto-increment).
// When inserting, the Aliases.Id property on the passed object will be assigned the new ID as well.
func (box *AliasesBox) Insert(object *Aliases) (uint64, error) {
	return box.Box.Insert(object)
}

// Update synchronously updates a single object.
// As opposed to Put, Update will fail if an object with the same ID is not found in the database.
func (box *AliasesBox) Update(object *Aliases) error {
	return box.Box.Update(object)
}

// PutAsync asynchronously inserts/updates a single object.
// Deprecated: use box.Async().Put() instead
func (box *AliasesBox) PutAsync(object *Aliases) (uint64, error) {
	return box.Box.PutAsync(object)
}

// PutMany inserts multiple objects in single transaction.
// In case Ids are not set on the objects, they would be assigned automatically (auto-increment).
//
// Returns: IDs of the put objects (in the same order).
// When inserting, the Aliases.Id property on the objects in the slice will be assigned the new IDs as well.
//
// Note: In case an error occurs during the transaction, some of the objects may already have the Aliases.Id assigned
// even though the transaction has been rolled back and the objects are not stored under those IDs.
//
// Note: The slice may be empty or even nil; in both cases, an empty IDs slice and no error is returned.
func (box *AliasesBox) PutMany(objects []*Aliases) ([]uint64, error) {
	return box.Box.PutMany(objects)
}

// Get reads a single object.
//
// Returns nil (and no error) in case the object with the given ID doesn't exist.
func (box *AliasesBox) Get(id uint64) (*Aliases, error) {
	object, err := box.Box.Get(id)
	if err != nil {
		return nil, err
	} else if object == nil {
		return nil, nil
	}
	return object.(*Aliases), nil
}

// GetMany reads multiple objects at once.
// If any of the objects doesn't exist, its position in the return slice is nil
func (box *AliasesBox) GetMany(ids ...uint64) ([]*Aliases, error) {
	objects, err := box.Box.GetMany(ids...)
	if err != nil {
		return nil, err
	}
	return objects.([]*Aliases), nil
}

// GetManyExisting reads multiple objects at once, skipping those that do not exist.
func (box *AliasesBox) GetManyExisting(ids ...uint64) ([]*Aliases, error) {
	objects, err := box.Box.GetManyExisting(ids...)
	if err != nil {
		return nil, err
	}
	return objects.([]*Aliases), nil
}

// GetAll reads all stored objects
func (box *AliasesBox) GetAll() ([]*Aliases, error) {
	objects, err := box.Box.GetAll()
	if err != nil {
		return nil, err
	}
	return objects.([]*Aliases), nil
}

// Remove deletes a single object
func (box *AliasesBox) Remove(object *Aliases) error {
	return box.Box.Remove(object)
}

// RemoveMany deletes multiple objects at once.
// Returns the number of deleted object or error on failure.
// Note that this method will not fail if an object is not found (e.g. already removed).
// In case you need to strictly check whether all of the objects exist before removing them,
// you can execute multiple box.Contains() and box.Remove() inside a single write transaction.
func (box *AliasesBox) RemoveMany(objects ...*Aliases) (uint64, error) {
	var ids = make([]uint64, len(objects))
	for k, object := range objects {
		ids[k] = object.Id
	}
	return box.Box.RemoveIds(ids...)
}

// Creates a query with the given conditions. Use the fields of the Aliases_ struct to create conditions.
// Keep the *AliasesQuery if you intend to execute the query multiple times.
// Note: this function panics if you try to create illegal queries; e.g. use properties of an alien type.
// This is typically a programming error. Use QueryOrError instead if you want the explicit error check.
func (box *AliasesBox) Query(conditions ...objectbox.Condition) *AliasesQuery {
	return &AliasesQuery{
		box.Box.Query(conditions...),
	}
}

// Creates a query with the given conditions. Use the fields of the Aliases_ struct to create conditions.
// Keep the *AliasesQuery if you intend to execute the query multiple times.
func (box *AliasesBox) QueryOrError(conditions ...objectbox.Condition) (*AliasesQuery, error) {
	if query, err := box.Box.QueryOrError(conditions...); err != nil {
		return nil, err
	} else {
		return &AliasesQuery{query}, nil
	}
}

// Async provides access to the default Async Box for asynchronous operations. See AliasesAsyncBox for more information.
func (box *AliasesBox) Async() *AliasesAsyncBox {
	return &AliasesAsyncBox{AsyncBox: box.Box.Async()}
}

// AliasesAsyncBox provides asynchronous operations on Aliases objects.
//
// Asynchronous operations are executed on a separate internal thread for better performance.
//
// There are two main use cases:
//
// 1) "execute & forget:" you gain faster put/remove operations as you don't have to wait for the transaction to finish.
//
// 2) Many small transactions: if your write load is typically a lot of individual puts that happen in parallel,
// this will merge small transactions into bigger ones. This results in a significant gain in overall throughput.
//
// In situations with (extremely) high async load, an async method may be throttled (~1ms) or delayed up to 1 second.
// In the unlikely event that the object could still not be enqueued (full queue), an error will be returned.
//
// Note that async methods do not give you hard durability guarantees like the synchronous Box provides.
// There is a small time window in which the data may not have been committed durably yet.
type AliasesAsyncBox struct {
	*objectbox.AsyncBox
}

// AsyncBoxForAliases creates a new async box with the given operation timeout in case an async queue is full.
// The returned struct must be freed explicitly using the Close() method.
// It's usually preferable to use AliasesBox::Async() which takes care of resource management and doesn't require closing.
func AsyncBoxForAliases(ob *objectbox.ObjectBox, timeoutMs uint64) *AliasesAsyncBox {
	var async, err = objectbox.NewAsyncBox(ob, 1, timeoutMs)
	if err != nil {
		panic("Could not create async box for entity ID 1: %s" + err.Error())
	}
	return &AliasesAsyncBox{AsyncBox: async}
}

// Put inserts/updates a single object asynchronously.
// When inserting a new object, the Id property on the passed object will be assigned the new ID the entity would hold
// if the insert is ultimately successful. The newly assigned ID may not become valid if the insert fails.
func (asyncBox *AliasesAsyncBox) Put(object *Aliases) (uint64, error) {
	return asyncBox.AsyncBox.Put(object)
}

// Insert a single object asynchronously.
// The Id property on the passed object will be assigned the new ID the entity would hold if the insert is ultimately
// successful. The newly assigned ID may not become valid if the insert fails.
// Fails silently if an object with the same ID already exists (this error is not returned).
func (asyncBox *AliasesAsyncBox) Insert(object *Aliases) (id uint64, err error) {
	return asyncBox.AsyncBox.Insert(object)
}

// Update a single object asynchronously.
// The object must already exists or the update fails silently (without an error returned).
func (asyncBox *AliasesAsyncBox) Update(object *Aliases) error {
	return asyncBox.AsyncBox.Update(object)
}

// Remove deletes a single object asynchronously.
func (asyncBox *AliasesAsyncBox) Remove(object *Aliases) error {
	return asyncBox.AsyncBox.Remove(object)
}

// Query provides a way to search stored objects
//
// For example, you can find all Aliases which Id is either 42 or 47:
//
// box.Query(Aliases_.Id.In(42, 47)).Find()
type AliasesQuery struct {
	*objectbox.Query
}

// Find returns all objects matching the query
func (query *AliasesQuery) Find() ([]*Aliases, error) {
	objects, err := query.Query.Find()
	if err != nil {
		return nil, err
	}
	return objects.([]*Aliases), nil
}

// Offset defines the index of the first object to process (how many objects to skip)
func (query *AliasesQuery) Offset(offset uint64) *AliasesQuery {
	query.Query.Offset(offset)
	return query
}

// Limit sets the number of elements to process by the query
func (query *AliasesQuery) Limit(limit uint64) *AliasesQuery {
	query.Query.Limit(limit)
	return query
}
