// Code generated by ObjectBox; DO NOT EDIT.

package object

import (
	"github.com/objectbox/objectbox-go/objectbox"
)

// ObjectBoxModel declares and builds the model from all the entities in the package.
// It is usually used when setting-up ObjectBox as an argument to the Builder.Model() function.
func ObjectBoxModel() *objectbox.Model {
	model := objectbox.NewModel()
	model.GeneratorVersion(6)

	model.RegisterBinding(AliasesBinding)
	model.RegisterBinding(NillableBinding)
	model.RegisterBinding(TypefulBinding)
	model.RegisterBinding(TSDateBinding)
	model.RegisterBinding(TSDateNanoBinding)
	model.LastEntityId(5, 1395437218309923052)
	model.LastIndexId(3, 4756106358532488297)

	return model
}
