{
  "_note1": "KEEP THIS FILE! Check it into a version control system (VCS) like git.",
  "_note2": "ObjectBox manages crucial IDs for your object model. See docs for details.",
  "_note3": "If you have VCS merge conflicts, you must resolve them according to ObjectBox docs.",
  "entities": [
    {
      "id": "1:8717895732742165505",
      "lastPropertyId": "7:6044372234677422456",
      "name": "Aliases",
      "properties": [
        {
          "id": "1:2259404117704393152",
          "name": "Id",
          "type": 6,
          "flags": 1
        },
        {
          "id": "2:6050128673802995827",
          "name": "SameFile",
          "type": 9
        },
        {
          "id": "3:501233450539197794",
          "name": "SamePackage",
          "type": 6
        },
        {
          "id": "4:3390393562759376202",
          "name": "SameFile2",
          "type": 9
        },
        {
          "id": "5:2669985732393126063",
          "name": "SamePackage2",
          "type": 6
        },
        {
          "id": "6:1774932891286980153",
          "name": "OtherPackage",
          "type": 9
        },
        {
          "id": "7:6044372234677422456",
          "name": "OtherPackage2",
          "type": 9
        }
      ]
    },
    {
      "id": "2:8274930044578894929",
      "lastPropertyId": "21:4035568504096476779",
      "name": "Nillable",
      "properties": [
        {
          "id": "1:1543572285742637646",
          "name": "Id",
          "type": 6,
          "flags": 1
        },
        {
          "id": "2:2661732831099943416",
          "name": "Int",
          "type": 6
        },
        {
          "id": "3:8325060299420976708",
          "name": "Int8",
          "type": 2
        },
        {
          "id": "4:7837839688282259259",
          "name": "Int16",
          "type": 3
        },
        {
          "id": "5:2518412263346885298",
          "name": "Int32",
          "type": 5
        },
        {
          "id": "6:5617773211005988520",
          "name": "Int64",
          "type": 6
        },
        {
          "id": "7:2339563716805116249",
          "name": "Uint",
          "type": 6,
          "flags": 8192
        },
        {
          "id": "8:7144924247938981575",
          "name": "Uint8",
          "type": 2,
          "flags": 8192
        },
        {
          "id": "9:161231572858529631",
          "name": "Uint16",
          "type": 3,
          "flags": 8192
        },
        {
          "id": "10:7259475919510918339",
          "name": "Uint32",
          "type": 5,
          "flags": 8192
        },
        {
          "id": "11:7373105480197164748",
          "name": "Uint64",
          "type": 6,
          "flags": 8192
        },
        {
          "id": "12:3287288577352441706",
          "name": "Bool",
          "type": 1
        },
        {
          "id": "13:3930927879439176946",
          "name": "String",
          "type": 9
        },
        {
          "id": "14:4706154865122290029",
          "name": "StringVector",
          "type": 30
        },
        {
          "id": "15:2217592893536642650",
          "name": "Byte",
          "type": 2,
          "flags": 8192
        },
        {
          "id": "16:1929546706668609706",
          "name": "ByteVector",
          "type": 23
        },
        {
          "id": "17:6392442863481646880",
          "name": "Rune",
          "type": 5
        },
        {
          "id": "18:3706853784096366226",
          "name": "Float32",
          "type": 7
        },
        {
          "id": "19:2627038740284806767",
          "name": "Float64",
          "type": 8
        },
        {
          "id": "20:6303220950515014660",
          "name": "Date",
          "type": 10
        },
        {
          "id": "21:4035568504096476779",
          "name": "Time",
          "type": 10
        }
      ]
    },
    {
      "id": "3:959367522974354090",
      "lastPropertyId": "24:406703151708498928",
      "name": "Typeful",
      "properties": [
        {
          "id": "1:6745438398739480977",
          "name": "Id",
          "type": 6,
          "flags": 129
        },
        {
          "id": "2:2897681629866238117",
          "name": "Int",
          "type": 6
        },
        {
          "id": "3:3398579248012586914",
          "name": "Int8",
          "type": 2
        },
        {
          "id": "4:5974317550424871033",
          "name": "Int16",
          "type": 3
        },
        {
          "id": "5:3317123977833389635",
          "name": "Int32",
          "type": 5
        },
        {
          "id": "6:5001958211167890979",
          "name": "Int64",
          "type": 6
        },
        {
          "id": "7:167566062957544642",
          "name": "Uint",
          "type": 6,
          "flags": 8192
        },
        {
          "id": "8:4778690082005258714",
          "name": "Uint8",
          "type": 2,
          "flags": 8192
        },
        {
          "id": "9:1059542851699319360",
          "name": "Uint16",
          "type": 3,
          "flags": 8192
        },
        {
          "id": "10:6972732843819909978",
          "name": "Uint32",
          "type": 5,
          "flags": 8192
        },
        {
          "id": "11:5558237345453186302",
          "name": "Uint64",
          "type": 6,
          "flags": 8192
        },
        {
          "id": "12:7845762441295307478",
          "name": "Bool",
          "type": 1
        },
        {
          "id": "13:771642788862502430",
          "name": "String",
          "type": 9
        },
        {
          "id": "14:8514850266767180993",
          "name": "StringVector",
          "type": 30
        },
        {
          "id": "15:8683452355129068124",
          "name": "Byte",
          "type": 2,
          "flags": 8192
        },
        {
          "id": "16:4345851588384648695",
          "name": "ByteVector",
          "type": 23
        },
        {
          "id": "17:7699391924090763411",
          "name": "Rune",
          "type": 5
        },
        {
          "id": "18:388440063886460141",
          "name": "Float32",
          "type": 7
        },
        {
          "id": "19:7561811714888168464",
          "name": "FloatVector",
          "type": 28
        },
        {
          "id": "20:3959279844101328186",
          "name": "Float64",
          "type": 8
        },
        {
          "id": "21:8902041070398994519",
          "name": "Date",
          "indexId": "1:303089054982227392",
          "type": 10,
          "flags": 8
        },
        {
          "id": "22:7338728586234333996",
          "name": "Time",
          "indexId": "2:5392504858645185670",
          "type": 10,
          "flags": 8
        },
        {
          "id": "23:7847956203786849690",
          "name": "Time2",
          "type": 10
        },
        {
          "id": "24:406703151708498928",
          "name": "TimeNano",
          "indexId": "3:4756106358532488297",
          "type": 12,
          "flags": 8
        }
      ]
    },
    {
      "id": "4:2914295034816259174",
      "lastPropertyId": "2:4736217237333769909",
      "name": "TSDate",
      "properties": [
        {
          "id": "1:5837486892148644279",
          "name": "Id",
          "type": 6,
          "flags": 1
        },
        {
          "id": "2:4736217237333769909",
          "name": "timestamp",
          "type": 10,
          "flags": 16384
        }
      ]
    },
    {
      "id": "5:1395437218309923052",
      "lastPropertyId": "2:1061380815263676471",
      "name": "TSDateNano",
      "properties": [
        {
          "id": "1:2264299874001785192",
          "name": "Id",
          "type": 6,
          "flags": 1
        },
        {
          "id": "2:1061380815263676471",
          "name": "timestamp",
          "type": 12,
          "flags": 16384
        }
      ]
    }
  ],
  "lastEntityId": "5:1395437218309923052",
  "lastIndexId": "3:4756106358532488297",
  "lastRelationId": "",
  "modelVersion": 5,
  "modelVersionParserMinimum": 5,
  "retiredEntityUids": [],
  "retiredIndexUids": [],
  "retiredPropertyUids": [],
  "retiredRelationUids": [],
  "version": 1
}