// Code generated by ObjectBox; DO NOT EDIT.
// Learn more about defining entities and generating this file - visit https://golang.objectbox.io/entity-annotations

package object

import (
	"errors"
	"github.com/google/flatbuffers/go"
	"github.com/objectbox/objectbox-go/objectbox"
	"github.com/objectbox/objectbox-go/objectbox/fbutils"
)

type taskByValue_EntityInfo struct {
	objectbox.Entity
	Uid uint64
}

var TaskByValueBinding = taskByValue_EntityInfo{
	Entity: objectbox.Entity{
		Id: 3,
	},
	Uid: 2661732831099943416,
}

// TaskByValue_ contains type-based Property helpers to facilitate some common operations such as Queries.
var TaskByValue_ = struct {
	Id   *objectbox.PropertyUint64
	Name *objectbox.PropertyString
}{
	Id: &objectbox.PropertyUint64{
		BaseProperty: &objectbox.BaseProperty{
			Id:     1,
			Entity: &TaskByValueBinding.Entity,
		},
	},
	Name: &objectbox.PropertyString{
		BaseProperty: &objectbox.BaseProperty{
			Id:     2,
			Entity: &TaskByValueBinding.Entity,
		},
	},
}

// GeneratorVersion is called by ObjectBox to verify the compatibility of the generator used to generate this code
func (taskByValue_EntityInfo) GeneratorVersion() int {
	return 6
}

// AddToModel is called by ObjectBox during model build
func (taskByValue_EntityInfo) AddToModel(model *objectbox.Model) {
	model.Entity("TaskByValue", 3, 2661732831099943416)
	model.Property("Id", 6, 1, 7837839688282259259)
	model.PropertyFlags(1)
	model.Property("Name", 9, 2, 2518412263346885298)
	model.EntityLastPropertyId(2, 2518412263346885298)
}

// GetId is called by ObjectBox during Put operations to check for existing ID on an object
func (taskByValue_EntityInfo) GetId(object interface{}) (uint64, error) {
	if obj, ok := object.(*TaskByValue); ok {
		return obj.Id, nil
	} else {
		return object.(TaskByValue).Id, nil
	}
}

// SetId is called by ObjectBox during Put to update an ID on an object that has just been inserted
func (taskByValue_EntityInfo) SetId(object interface{}, id uint64) error {
	if obj, ok := object.(*TaskByValue); ok {
		obj.Id = id
		return nil
	} else {
		// NOTE while this can't update, it will at least behave consistently (panic in case of a wrong type)
		_ = object.(TaskByValue).Id
		return nil
	}
}

// PutRelated is called by ObjectBox to put related entities before the object itself is flattened and put
func (taskByValue_EntityInfo) PutRelated(ob *objectbox.ObjectBox, object interface{}, id uint64) error {
	return nil
}

// Flatten is called by ObjectBox to transform an object to a FlatBuffer
func (taskByValue_EntityInfo) Flatten(object interface{}, fbb *flatbuffers.Builder, id uint64) error {
	var obj *TaskByValue
	if objPtr, ok := object.(*TaskByValue); ok {
		obj = objPtr
	} else {
		objVal := object.(TaskByValue)
		obj = &objVal
	}

	var offsetName = fbutils.CreateStringOffset(fbb, obj.Name)

	// build the FlatBuffers object
	fbb.StartObject(2)
	fbutils.SetUint64Slot(fbb, 0, id)
	fbutils.SetUOffsetTSlot(fbb, 1, offsetName)
	return nil
}

// Load is called by ObjectBox to load an object from a FlatBuffer
func (taskByValue_EntityInfo) Load(ob *objectbox.ObjectBox, bytes []byte) (interface{}, error) {
	if len(bytes) == 0 { // sanity check, should "never" happen
		return nil, errors.New("can't deserialize an object of type 'TaskByValue' - no data received")
	}

	var table = &flatbuffers.Table{
		Bytes: bytes,
		Pos:   flatbuffers.GetUOffsetT(bytes),
	}

	var propId = table.GetUint64Slot(4, 0)

	return &TaskByValue{
		Id:   propId,
		Name: fbutils.GetStringSlot(table, 6),
	}, nil
}

// MakeSlice is called by ObjectBox to construct a new slice to hold the read objects
func (taskByValue_EntityInfo) MakeSlice(capacity int) interface{} {
	return make([]TaskByValue, 0, capacity)
}

// AppendToSlice is called by ObjectBox to fill the slice of the read objects
func (taskByValue_EntityInfo) AppendToSlice(slice interface{}, object interface{}) interface{} {
	if object == nil {
		return append(slice.([]TaskByValue), TaskByValue{})
	}
	return append(slice.([]TaskByValue), *object.(*TaskByValue))
}

// Box provides CRUD access to TaskByValue objects
type TaskByValueBox struct {
	*objectbox.Box
}

// BoxForTaskByValue opens a box of TaskByValue objects
func BoxForTaskByValue(ob *objectbox.ObjectBox) *TaskByValueBox {
	return &TaskByValueBox{
		Box: ob.InternalBox(3),
	}
}

// Put synchronously inserts/updates a single object.
// In case the Id is not specified, it would be assigned automatically (auto-increment).
// When inserting, the TaskByValue.Id property on the passed object will be assigned the new ID as well.
func (box *TaskByValueBox) Put(object *TaskByValue) (uint64, error) {
	return box.Box.Put(object)
}

// Insert synchronously inserts a single object. As opposed to Put, Insert will fail if given an ID that already exists.
// In case the Id is not specified, it would be assigned automatically (auto-increment).
// When inserting, the TaskByValue.Id property on the passed object will be assigned the new ID as well.
func (box *TaskByValueBox) Insert(object *TaskByValue) (uint64, error) {
	return box.Box.Insert(object)
}

// Update synchronously updates a single object.
// As opposed to Put, Update will fail if an object with the same ID is not found in the database.
func (box *TaskByValueBox) Update(object *TaskByValue) error {
	return box.Box.Update(object)
}

// PutAsync asynchronously inserts/updates a single object.
// Deprecated: use box.Async().Put() instead
func (box *TaskByValueBox) PutAsync(object *TaskByValue) (uint64, error) {
	return box.Box.PutAsync(object)
}

// PutMany inserts multiple objects in single transaction.
// In case Ids are not set on the objects, they would be assigned automatically (auto-increment).
//
// Returns: IDs of the put objects (in the same order).
// When inserting, the TaskByValue.Id property on the objects in the slice will be assigned the new IDs as well.
//
// Note: In case an error occurs during the transaction, some of the objects may already have the TaskByValue.Id assigned
// even though the transaction has been rolled back and the objects are not stored under those IDs.
//
// Note: The slice may be empty or even nil; in both cases, an empty IDs slice and no error is returned.
func (box *TaskByValueBox) PutMany(objects []TaskByValue) ([]uint64, error) {
	return box.Box.PutMany(objects)
}

// Get reads a single object.
//
// Returns nil (and no error) in case the object with the given ID doesn't exist.
func (box *TaskByValueBox) Get(id uint64) (*TaskByValue, error) {
	object, err := box.Box.Get(id)
	if err != nil {
		return nil, err
	} else if object == nil {
		return nil, nil
	}
	return object.(*TaskByValue), nil
}

// GetMany reads multiple objects at once.
// If any of the objects doesn't exist, its position in the return slice is an empty object
func (box *TaskByValueBox) GetMany(ids ...uint64) ([]TaskByValue, error) {
	objects, err := box.Box.GetMany(ids...)
	if err != nil {
		return nil, err
	}
	return objects.([]TaskByValue), nil
}

// GetManyExisting reads multiple objects at once, skipping those that do not exist.
func (box *TaskByValueBox) GetManyExisting(ids ...uint64) ([]TaskByValue, error) {
	objects, err := box.Box.GetManyExisting(ids...)
	if err != nil {
		return nil, err
	}
	return objects.([]TaskByValue), nil
}

// GetAll reads all stored objects
func (box *TaskByValueBox) GetAll() ([]TaskByValue, error) {
	objects, err := box.Box.GetAll()
	if err != nil {
		return nil, err
	}
	return objects.([]TaskByValue), nil
}

// Remove deletes a single object
func (box *TaskByValueBox) Remove(object *TaskByValue) error {
	return box.Box.Remove(object)
}

// RemoveMany deletes multiple objects at once.
// Returns the number of deleted object or error on failure.
// Note that this method will not fail if an object is not found (e.g. already removed).
// In case you need to strictly check whether all of the objects exist before removing them,
// you can execute multiple box.Contains() and box.Remove() inside a single write transaction.
func (box *TaskByValueBox) RemoveMany(objects ...*TaskByValue) (uint64, error) {
	var ids = make([]uint64, len(objects))
	for k, object := range objects {
		ids[k] = object.Id
	}
	return box.Box.RemoveIds(ids...)
}

// Creates a query with the given conditions. Use the fields of the TaskByValue_ struct to create conditions.
// Keep the *TaskByValueQuery if you intend to execute the query multiple times.
// Note: this function panics if you try to create illegal queries; e.g. use properties of an alien type.
// This is typically a programming error. Use QueryOrError instead if you want the explicit error check.
func (box *TaskByValueBox) Query(conditions ...objectbox.Condition) *TaskByValueQuery {
	return &TaskByValueQuery{
		box.Box.Query(conditions...),
	}
}

// Creates a query with the given conditions. Use the fields of the TaskByValue_ struct to create conditions.
// Keep the *TaskByValueQuery if you intend to execute the query multiple times.
func (box *TaskByValueBox) QueryOrError(conditions ...objectbox.Condition) (*TaskByValueQuery, error) {
	if query, err := box.Box.QueryOrError(conditions...); err != nil {
		return nil, err
	} else {
		return &TaskByValueQuery{query}, nil
	}
}

// Async provides access to the default Async Box for asynchronous operations. See TaskByValueAsyncBox for more information.
func (box *TaskByValueBox) Async() *TaskByValueAsyncBox {
	return &TaskByValueAsyncBox{AsyncBox: box.Box.Async()}
}

// TaskByValueAsyncBox provides asynchronous operations on TaskByValue objects.
//
// Asynchronous operations are executed on a separate internal thread for better performance.
//
// There are two main use cases:
//
// 1) "execute & forget:" you gain faster put/remove operations as you don't have to wait for the transaction to finish.
//
// 2) Many small transactions: if your write load is typically a lot of individual puts that happen in parallel,
// this will merge small transactions into bigger ones. This results in a significant gain in overall throughput.
//
// In situations with (extremely) high async load, an async method may be throttled (~1ms) or delayed up to 1 second.
// In the unlikely event that the object could still not be enqueued (full queue), an error will be returned.
//
// Note that async methods do not give you hard durability guarantees like the synchronous Box provides.
// There is a small time window in which the data may not have been committed durably yet.
type TaskByValueAsyncBox struct {
	*objectbox.AsyncBox
}

// AsyncBoxForTaskByValue creates a new async box with the given operation timeout in case an async queue is full.
// The returned struct must be freed explicitly using the Close() method.
// It's usually preferable to use TaskByValueBox::Async() which takes care of resource management and doesn't require closing.
func AsyncBoxForTaskByValue(ob *objectbox.ObjectBox, timeoutMs uint64) *TaskByValueAsyncBox {
	var async, err = objectbox.NewAsyncBox(ob, 3, timeoutMs)
	if err != nil {
		panic("Could not create async box for entity ID 3: %s" + err.Error())
	}
	return &TaskByValueAsyncBox{AsyncBox: async}
}

// Put inserts/updates a single object asynchronously.
// When inserting a new object, the Id property on the passed object will be assigned the new ID the entity would hold
// if the insert is ultimately successful. The newly assigned ID may not become valid if the insert fails.
func (asyncBox *TaskByValueAsyncBox) Put(object *TaskByValue) (uint64, error) {
	return asyncBox.AsyncBox.Put(object)
}

// Insert a single object asynchronously.
// The Id property on the passed object will be assigned the new ID the entity would hold if the insert is ultimately
// successful. The newly assigned ID may not become valid if the insert fails.
// Fails silently if an object with the same ID already exists (this error is not returned).
func (asyncBox *TaskByValueAsyncBox) Insert(object *TaskByValue) (id uint64, err error) {
	return asyncBox.AsyncBox.Insert(object)
}

// Update a single object asynchronously.
// The object must already exists or the update fails silently (without an error returned).
func (asyncBox *TaskByValueAsyncBox) Update(object *TaskByValue) error {
	return asyncBox.AsyncBox.Update(object)
}

// Remove deletes a single object asynchronously.
func (asyncBox *TaskByValueAsyncBox) Remove(object *TaskByValue) error {
	return asyncBox.AsyncBox.Remove(object)
}

// Query provides a way to search stored objects
//
// For example, you can find all TaskByValue which Id is either 42 or 47:
//
// box.Query(TaskByValue_.Id.In(42, 47)).Find()
type TaskByValueQuery struct {
	*objectbox.Query
}

// Find returns all objects matching the query
func (query *TaskByValueQuery) Find() ([]TaskByValue, error) {
	objects, err := query.Query.Find()
	if err != nil {
		return nil, err
	}
	return objects.([]TaskByValue), nil
}

// Offset defines the index of the first object to process (how many objects to skip)
func (query *TaskByValueQuery) Offset(offset uint64) *TaskByValueQuery {
	query.Query.Offset(offset)
	return query
}

// Limit sets the number of elements to process by the query
func (query *TaskByValueQuery) Limit(limit uint64) *TaskByValueQuery {
	query.Query.Limit(limit)
	return query
}

type taskStringByValue_EntityInfo struct {
	objectbox.Entity
	Uid uint64
}

var TaskStringByValueBinding = taskStringByValue_EntityInfo{
	Entity: objectbox.Entity{
		Id: 4,
	},
	Uid: 8325060299420976708,
}

// TaskStringByValue_ contains type-based Property helpers to facilitate some common operations such as Queries.
var TaskStringByValue_ = struct {
	Id   *objectbox.PropertyUint64
	Name *objectbox.PropertyString
}{
	Id: &objectbox.PropertyUint64{
		BaseProperty: &objectbox.BaseProperty{
			Id:     1,
			Entity: &TaskStringByValueBinding.Entity,
		},
	},
	Name: &objectbox.PropertyString{
		BaseProperty: &objectbox.BaseProperty{
			Id:     2,
			Entity: &TaskStringByValueBinding.Entity,
		},
	},
}

// GeneratorVersion is called by ObjectBox to verify the compatibility of the generator used to generate this code
func (taskStringByValue_EntityInfo) GeneratorVersion() int {
	return 6
}

// AddToModel is called by ObjectBox during model build
func (taskStringByValue_EntityInfo) AddToModel(model *objectbox.Model) {
	model.Entity("TaskStringByValue", 4, 8325060299420976708)
	model.Property("Id", 6, 1, 5617773211005988520)
	model.PropertyFlags(1)
	model.Property("Name", 9, 2, 2339563716805116249)
	model.EntityLastPropertyId(2, 2339563716805116249)
}

// GetId is called by ObjectBox during Put operations to check for existing ID on an object
func (taskStringByValue_EntityInfo) GetId(object interface{}) (uint64, error) {
	if obj, ok := object.(*TaskStringByValue); ok {
		return objectbox.StringIdConvertToDatabaseValue(obj.Id)
	} else {
		return objectbox.StringIdConvertToDatabaseValue(object.(TaskStringByValue).Id)
	}
}

// SetId is called by ObjectBox during Put to update an ID on an object that has just been inserted
func (taskStringByValue_EntityInfo) SetId(object interface{}, id uint64) error {
	if obj, ok := object.(*TaskStringByValue); ok {
		var err error
		obj.Id, err = objectbox.StringIdConvertToEntityProperty(id)
		return err
	} else {
		// NOTE while this can't update, it will at least behave consistently (panic in case of a wrong type)
		_ = object.(TaskStringByValue).Id
		return nil
	}
}

// PutRelated is called by ObjectBox to put related entities before the object itself is flattened and put
func (taskStringByValue_EntityInfo) PutRelated(ob *objectbox.ObjectBox, object interface{}, id uint64) error {
	return nil
}

// Flatten is called by ObjectBox to transform an object to a FlatBuffer
func (taskStringByValue_EntityInfo) Flatten(object interface{}, fbb *flatbuffers.Builder, id uint64) error {
	var obj *TaskStringByValue
	if objPtr, ok := object.(*TaskStringByValue); ok {
		obj = objPtr
	} else {
		objVal := object.(TaskStringByValue)
		obj = &objVal
	}

	var offsetName = fbutils.CreateStringOffset(fbb, obj.Name)

	// build the FlatBuffers object
	fbb.StartObject(2)
	fbutils.SetUint64Slot(fbb, 0, id)
	fbutils.SetUOffsetTSlot(fbb, 1, offsetName)
	return nil
}

// Load is called by ObjectBox to load an object from a FlatBuffer
func (taskStringByValue_EntityInfo) Load(ob *objectbox.ObjectBox, bytes []byte) (interface{}, error) {
	if len(bytes) == 0 { // sanity check, should "never" happen
		return nil, errors.New("can't deserialize an object of type 'TaskStringByValue' - no data received")
	}

	var table = &flatbuffers.Table{
		Bytes: bytes,
		Pos:   flatbuffers.GetUOffsetT(bytes),
	}

	propId, err := objectbox.StringIdConvertToEntityProperty(fbutils.GetUint64Slot(table, 4))
	if err != nil {
		return nil, errors.New("converter objectbox.StringIdConvertToEntityProperty() failed on TaskStringByValue.Id: " + err.Error())
	}

	return &TaskStringByValue{
		Id:   propId,
		Name: fbutils.GetStringSlot(table, 6),
	}, nil
}

// MakeSlice is called by ObjectBox to construct a new slice to hold the read objects
func (taskStringByValue_EntityInfo) MakeSlice(capacity int) interface{} {
	return make([]TaskStringByValue, 0, capacity)
}

// AppendToSlice is called by ObjectBox to fill the slice of the read objects
func (taskStringByValue_EntityInfo) AppendToSlice(slice interface{}, object interface{}) interface{} {
	if object == nil {
		return append(slice.([]TaskStringByValue), TaskStringByValue{})
	}
	return append(slice.([]TaskStringByValue), *object.(*TaskStringByValue))
}

// Box provides CRUD access to TaskStringByValue objects
type TaskStringByValueBox struct {
	*objectbox.Box
}

// BoxForTaskStringByValue opens a box of TaskStringByValue objects
func BoxForTaskStringByValue(ob *objectbox.ObjectBox) *TaskStringByValueBox {
	return &TaskStringByValueBox{
		Box: ob.InternalBox(4),
	}
}

// Put synchronously inserts/updates a single object.
// In case the Id is not specified, it would be assigned automatically (auto-increment).
// When inserting, the TaskStringByValue.Id property on the passed object will be assigned the new ID as well.
func (box *TaskStringByValueBox) Put(object *TaskStringByValue) (uint64, error) {
	return box.Box.Put(object)
}

// Insert synchronously inserts a single object. As opposed to Put, Insert will fail if given an ID that already exists.
// In case the Id is not specified, it would be assigned automatically (auto-increment).
// When inserting, the TaskStringByValue.Id property on the passed object will be assigned the new ID as well.
func (box *TaskStringByValueBox) Insert(object *TaskStringByValue) (uint64, error) {
	return box.Box.Insert(object)
}

// Update synchronously updates a single object.
// As opposed to Put, Update will fail if an object with the same ID is not found in the database.
func (box *TaskStringByValueBox) Update(object *TaskStringByValue) error {
	return box.Box.Update(object)
}

// PutAsync asynchronously inserts/updates a single object.
// Deprecated: use box.Async().Put() instead
func (box *TaskStringByValueBox) PutAsync(object *TaskStringByValue) (uint64, error) {
	return box.Box.PutAsync(object)
}

// PutMany inserts multiple objects in single transaction.
// In case Ids are not set on the objects, they would be assigned automatically (auto-increment).
//
// Returns: IDs of the put objects (in the same order).
// When inserting, the TaskStringByValue.Id property on the objects in the slice will be assigned the new IDs as well.
//
// Note: In case an error occurs during the transaction, some of the objects may already have the TaskStringByValue.Id assigned
// even though the transaction has been rolled back and the objects are not stored under those IDs.
//
// Note: The slice may be empty or even nil; in both cases, an empty IDs slice and no error is returned.
func (box *TaskStringByValueBox) PutMany(objects []TaskStringByValue) ([]uint64, error) {
	return box.Box.PutMany(objects)
}

// Get reads a single object.
//
// Returns nil (and no error) in case the object with the given ID doesn't exist.
func (box *TaskStringByValueBox) Get(id uint64) (*TaskStringByValue, error) {
	object, err := box.Box.Get(id)
	if err != nil {
		return nil, err
	} else if object == nil {
		return nil, nil
	}
	return object.(*TaskStringByValue), nil
}

// GetMany reads multiple objects at once.
// If any of the objects doesn't exist, its position in the return slice is an empty object
func (box *TaskStringByValueBox) GetMany(ids ...uint64) ([]TaskStringByValue, error) {
	objects, err := box.Box.GetMany(ids...)
	if err != nil {
		return nil, err
	}
	return objects.([]TaskStringByValue), nil
}

// GetManyExisting reads multiple objects at once, skipping those that do not exist.
func (box *TaskStringByValueBox) GetManyExisting(ids ...uint64) ([]TaskStringByValue, error) {
	objects, err := box.Box.GetManyExisting(ids...)
	if err != nil {
		return nil, err
	}
	return objects.([]TaskStringByValue), nil
}

// GetAll reads all stored objects
func (box *TaskStringByValueBox) GetAll() ([]TaskStringByValue, error) {
	objects, err := box.Box.GetAll()
	if err != nil {
		return nil, err
	}
	return objects.([]TaskStringByValue), nil
}

// Remove deletes a single object
func (box *TaskStringByValueBox) Remove(object *TaskStringByValue) error {
	return box.Box.Remove(object)
}

// RemoveMany deletes multiple objects at once.
// Returns the number of deleted object or error on failure.
// Note that this method will not fail if an object is not found (e.g. already removed).
// In case you need to strictly check whether all of the objects exist before removing them,
// you can execute multiple box.Contains() and box.Remove() inside a single write transaction.
func (box *TaskStringByValueBox) RemoveMany(objects ...*TaskStringByValue) (uint64, error) {
	var ids = make([]uint64, len(objects))
	var err error
	for k, object := range objects {
		ids[k], err = objectbox.StringIdConvertToDatabaseValue(object.Id)
		if err != nil {
			return 0, errors.New("converter objectbox.StringIdConvertToDatabaseValue() failed on TaskStringByValue.Id: " + err.Error())
		}
	}
	return box.Box.RemoveIds(ids...)
}

// Creates a query with the given conditions. Use the fields of the TaskStringByValue_ struct to create conditions.
// Keep the *TaskStringByValueQuery if you intend to execute the query multiple times.
// Note: this function panics if you try to create illegal queries; e.g. use properties of an alien type.
// This is typically a programming error. Use QueryOrError instead if you want the explicit error check.
func (box *TaskStringByValueBox) Query(conditions ...objectbox.Condition) *TaskStringByValueQuery {
	return &TaskStringByValueQuery{
		box.Box.Query(conditions...),
	}
}

// Creates a query with the given conditions. Use the fields of the TaskStringByValue_ struct to create conditions.
// Keep the *TaskStringByValueQuery if you intend to execute the query multiple times.
func (box *TaskStringByValueBox) QueryOrError(conditions ...objectbox.Condition) (*TaskStringByValueQuery, error) {
	if query, err := box.Box.QueryOrError(conditions...); err != nil {
		return nil, err
	} else {
		return &TaskStringByValueQuery{query}, nil
	}
}

// Async provides access to the default Async Box for asynchronous operations. See TaskStringByValueAsyncBox for more information.
func (box *TaskStringByValueBox) Async() *TaskStringByValueAsyncBox {
	return &TaskStringByValueAsyncBox{AsyncBox: box.Box.Async()}
}

// TaskStringByValueAsyncBox provides asynchronous operations on TaskStringByValue objects.
//
// Asynchronous operations are executed on a separate internal thread for better performance.
//
// There are two main use cases:
//
// 1) "execute & forget:" you gain faster put/remove operations as you don't have to wait for the transaction to finish.
//
// 2) Many small transactions: if your write load is typically a lot of individual puts that happen in parallel,
// this will merge small transactions into bigger ones. This results in a significant gain in overall throughput.
//
// In situations with (extremely) high async load, an async method may be throttled (~1ms) or delayed up to 1 second.
// In the unlikely event that the object could still not be enqueued (full queue), an error will be returned.
//
// Note that async methods do not give you hard durability guarantees like the synchronous Box provides.
// There is a small time window in which the data may not have been committed durably yet.
type TaskStringByValueAsyncBox struct {
	*objectbox.AsyncBox
}

// AsyncBoxForTaskStringByValue creates a new async box with the given operation timeout in case an async queue is full.
// The returned struct must be freed explicitly using the Close() method.
// It's usually preferable to use TaskStringByValueBox::Async() which takes care of resource management and doesn't require closing.
func AsyncBoxForTaskStringByValue(ob *objectbox.ObjectBox, timeoutMs uint64) *TaskStringByValueAsyncBox {
	var async, err = objectbox.NewAsyncBox(ob, 4, timeoutMs)
	if err != nil {
		panic("Could not create async box for entity ID 4: %s" + err.Error())
	}
	return &TaskStringByValueAsyncBox{AsyncBox: async}
}

// Put inserts/updates a single object asynchronously.
// When inserting a new object, the Id property on the passed object will be assigned the new ID the entity would hold
// if the insert is ultimately successful. The newly assigned ID may not become valid if the insert fails.
func (asyncBox *TaskStringByValueAsyncBox) Put(object *TaskStringByValue) (uint64, error) {
	return asyncBox.AsyncBox.Put(object)
}

// Insert a single object asynchronously.
// The Id property on the passed object will be assigned the new ID the entity would hold if the insert is ultimately
// successful. The newly assigned ID may not become valid if the insert fails.
// Fails silently if an object with the same ID already exists (this error is not returned).
func (asyncBox *TaskStringByValueAsyncBox) Insert(object *TaskStringByValue) (id uint64, err error) {
	return asyncBox.AsyncBox.Insert(object)
}

// Update a single object asynchronously.
// The object must already exists or the update fails silently (without an error returned).
func (asyncBox *TaskStringByValueAsyncBox) Update(object *TaskStringByValue) error {
	return asyncBox.AsyncBox.Update(object)
}

// Remove deletes a single object asynchronously.
func (asyncBox *TaskStringByValueAsyncBox) Remove(object *TaskStringByValue) error {
	return asyncBox.AsyncBox.Remove(object)
}

// Query provides a way to search stored objects
//
// For example, you can find all TaskStringByValue which Id is either 42 or 47:
//
// box.Query(TaskStringByValue_.Id.In(42, 47)).Find()
type TaskStringByValueQuery struct {
	*objectbox.Query
}

// Find returns all objects matching the query
func (query *TaskStringByValueQuery) Find() ([]TaskStringByValue, error) {
	objects, err := query.Query.Find()
	if err != nil {
		return nil, err
	}
	return objects.([]TaskStringByValue), nil
}

// Offset defines the index of the first object to process (how many objects to skip)
func (query *TaskStringByValueQuery) Offset(offset uint64) *TaskStringByValueQuery {
	query.Query.Offset(offset)
	return query
}

// Limit sets the number of elements to process by the query
func (query *TaskStringByValueQuery) Limit(limit uint64) *TaskStringByValueQuery {
	query.Query.Limit(limit)
	return query
}
