
# github.com/objectbox/objectbox-generator/v4/test/comparison/testdata/go/rename-property
./objectbox-model.go:16:24: undefined: CBinding

exit status 2