// Code generated by ObjectBox; DO NOT EDIT.
// Learn more about defining entities and generating this file - visit https://golang.objectbox.io/entity-annotations

package object

import (
	"errors"
	"github.com/google/flatbuffers/go"
	"github.com/objectbox/objectbox-generator/test/comparison/testdata/go/embedding/other"
	"github.com/objectbox/objectbox-go/objectbox"
	"github.com/objectbox/objectbox-go/objectbox/fbutils"
)

type e_EntityInfo struct {
	objectbox.Entity
	Uid uint64
}

var EBinding = e_EntityInfo{
	Entity: objectbox.Entity{
		Id: 5,
	},
	Uid: 7144924247938981575,
}

// E_ contains type-based Property helpers to facilitate some common operations such as Queries.
var E_ = struct {
	Location     *objectbox.PropertyString
	id           *objectbox.PropertyUint64
	ForeignAlias *objectbox.PropertyString
	ForeignNamed *objectbox.PropertyString
}{
	Location: &objectbox.PropertyString{
		BaseProperty: &objectbox.BaseProperty{
			Id:     1,
			Entity: &EBinding.Entity,
		},
	},
	id: &objectbox.PropertyUint64{
		BaseProperty: &objectbox.BaseProperty{
			Id:     2,
			Entity: &EBinding.Entity,
		},
	},
	ForeignAlias: &objectbox.PropertyString{
		BaseProperty: &objectbox.BaseProperty{
			Id:     3,
			Entity: &EBinding.Entity,
		},
	},
	ForeignNamed: &objectbox.PropertyString{
		BaseProperty: &objectbox.BaseProperty{
			Id:     4,
			Entity: &EBinding.Entity,
		},
	},
}

// GeneratorVersion is called by ObjectBox to verify the compatibility of the generator used to generate this code
func (e_EntityInfo) GeneratorVersion() int {
	return 6
}

// AddToModel is called by ObjectBox during model build
func (e_EntityInfo) AddToModel(model *objectbox.Model) {
	model.Entity("E", 5, 7144924247938981575)
	model.Property("Location", 9, 1, 161231572858529631)
	model.Property("id", 6, 2, 7259475919510918339)
	model.PropertyFlags(1)
	model.Property("ForeignAlias", 9, 3, 7373105480197164748)
	model.Property("ForeignNamed", 9, 4, 3287288577352441706)
	model.EntityLastPropertyId(4, 3287288577352441706)
}

// GetId is called by ObjectBox during Put operations to check for existing ID on an object
func (e_EntityInfo) GetId(object interface{}) (uint64, error) {
	return object.(*E).id, nil
}

// SetId is called by ObjectBox during Put to update an ID on an object that has just been inserted
func (e_EntityInfo) SetId(object interface{}, id uint64) error {
	object.(*E).id = id
	return nil
}

// PutRelated is called by ObjectBox to put related entities before the object itself is flattened and put
func (e_EntityInfo) PutRelated(ob *objectbox.ObjectBox, object interface{}, id uint64) error {
	return nil
}

// Flatten is called by ObjectBox to transform an object to a FlatBuffer
func (e_EntityInfo) Flatten(object interface{}, fbb *flatbuffers.Builder, id uint64) error {
	obj := object.(*E)
	var offsetLocation = fbutils.CreateStringOffset(fbb, obj.Trackable.Location)
	var offsetForeignAlias = fbutils.CreateStringOffset(fbb, obj.ForeignAlias)
	var offsetForeignNamed = fbutils.CreateStringOffset(fbb, string(obj.ForeignNamed))

	// build the FlatBuffers object
	fbb.StartObject(4)
	fbutils.SetUOffsetTSlot(fbb, 0, offsetLocation)
	fbutils.SetUint64Slot(fbb, 1, id)
	fbutils.SetUOffsetTSlot(fbb, 2, offsetForeignAlias)
	fbutils.SetUOffsetTSlot(fbb, 3, offsetForeignNamed)
	return nil
}

// Load is called by ObjectBox to load an object from a FlatBuffer
func (e_EntityInfo) Load(ob *objectbox.ObjectBox, bytes []byte) (interface{}, error) {
	if len(bytes) == 0 { // sanity check, should "never" happen
		return nil, errors.New("can't deserialize an object of type 'E' - no data received")
	}

	var table = &flatbuffers.Table{
		Bytes: bytes,
		Pos:   flatbuffers.GetUOffsetT(bytes),
	}

	var propid = table.GetUint64Slot(6, 0)

	return &E{
		Trackable: other.Trackable{
			Location: fbutils.GetStringSlot(table, 4),
		},
		id:           propid,
		ForeignAlias: fbutils.GetStringSlot(table, 8),
		ForeignNamed: other.ForeignNamed(fbutils.GetStringSlot(table, 10)),
	}, nil
}

// MakeSlice is called by ObjectBox to construct a new slice to hold the read objects
func (e_EntityInfo) MakeSlice(capacity int) interface{} {
	return make([]*E, 0, capacity)
}

// AppendToSlice is called by ObjectBox to fill the slice of the read objects
func (e_EntityInfo) AppendToSlice(slice interface{}, object interface{}) interface{} {
	if object == nil {
		return append(slice.([]*E), nil)
	}
	return append(slice.([]*E), object.(*E))
}

// Box provides CRUD access to E objects
type EBox struct {
	*objectbox.Box
}

// BoxForE opens a box of E objects
func BoxForE(ob *objectbox.ObjectBox) *EBox {
	return &EBox{
		Box: ob.InternalBox(5),
	}
}

// Put synchronously inserts/updates a single object.
// In case the id is not specified, it would be assigned automatically (auto-increment).
// When inserting, the E.id property on the passed object will be assigned the new ID as well.
func (box *EBox) Put(object *E) (uint64, error) {
	return box.Box.Put(object)
}

// Insert synchronously inserts a single object. As opposed to Put, Insert will fail if given an ID that already exists.
// In case the id is not specified, it would be assigned automatically (auto-increment).
// When inserting, the E.id property on the passed object will be assigned the new ID as well.
func (box *EBox) Insert(object *E) (uint64, error) {
	return box.Box.Insert(object)
}

// Update synchronously updates a single object.
// As opposed to Put, Update will fail if an object with the same ID is not found in the database.
func (box *EBox) Update(object *E) error {
	return box.Box.Update(object)
}

// PutAsync asynchronously inserts/updates a single object.
// Deprecated: use box.Async().Put() instead
func (box *EBox) PutAsync(object *E) (uint64, error) {
	return box.Box.PutAsync(object)
}

// PutMany inserts multiple objects in single transaction.
// In case ids are not set on the objects, they would be assigned automatically (auto-increment).
//
// Returns: IDs of the put objects (in the same order).
// When inserting, the E.id property on the objects in the slice will be assigned the new IDs as well.
//
// Note: In case an error occurs during the transaction, some of the objects may already have the E.id assigned
// even though the transaction has been rolled back and the objects are not stored under those IDs.
//
// Note: The slice may be empty or even nil; in both cases, an empty IDs slice and no error is returned.
func (box *EBox) PutMany(objects []*E) ([]uint64, error) {
	return box.Box.PutMany(objects)
}

// Get reads a single object.
//
// Returns nil (and no error) in case the object with the given ID doesn't exist.
func (box *EBox) Get(id uint64) (*E, error) {
	object, err := box.Box.Get(id)
	if err != nil {
		return nil, err
	} else if object == nil {
		return nil, nil
	}
	return object.(*E), nil
}

// GetMany reads multiple objects at once.
// If any of the objects doesn't exist, its position in the return slice is nil
func (box *EBox) GetMany(ids ...uint64) ([]*E, error) {
	objects, err := box.Box.GetMany(ids...)
	if err != nil {
		return nil, err
	}
	return objects.([]*E), nil
}

// GetManyExisting reads multiple objects at once, skipping those that do not exist.
func (box *EBox) GetManyExisting(ids ...uint64) ([]*E, error) {
	objects, err := box.Box.GetManyExisting(ids...)
	if err != nil {
		return nil, err
	}
	return objects.([]*E), nil
}

// GetAll reads all stored objects
func (box *EBox) GetAll() ([]*E, error) {
	objects, err := box.Box.GetAll()
	if err != nil {
		return nil, err
	}
	return objects.([]*E), nil
}

// Remove deletes a single object
func (box *EBox) Remove(object *E) error {
	return box.Box.Remove(object)
}

// RemoveMany deletes multiple objects at once.
// Returns the number of deleted object or error on failure.
// Note that this method will not fail if an object is not found (e.g. already removed).
// In case you need to strictly check whether all of the objects exist before removing them,
// you can execute multiple box.Contains() and box.Remove() inside a single write transaction.
func (box *EBox) RemoveMany(objects ...*E) (uint64, error) {
	var ids = make([]uint64, len(objects))
	for k, object := range objects {
		ids[k] = object.id
	}
	return box.Box.RemoveIds(ids...)
}

// Creates a query with the given conditions. Use the fields of the E_ struct to create conditions.
// Keep the *EQuery if you intend to execute the query multiple times.
// Note: this function panics if you try to create illegal queries; e.g. use properties of an alien type.
// This is typically a programming error. Use QueryOrError instead if you want the explicit error check.
func (box *EBox) Query(conditions ...objectbox.Condition) *EQuery {
	return &EQuery{
		box.Box.Query(conditions...),
	}
}

// Creates a query with the given conditions. Use the fields of the E_ struct to create conditions.
// Keep the *EQuery if you intend to execute the query multiple times.
func (box *EBox) QueryOrError(conditions ...objectbox.Condition) (*EQuery, error) {
	if query, err := box.Box.QueryOrError(conditions...); err != nil {
		return nil, err
	} else {
		return &EQuery{query}, nil
	}
}

// Async provides access to the default Async Box for asynchronous operations. See EAsyncBox for more information.
func (box *EBox) Async() *EAsyncBox {
	return &EAsyncBox{AsyncBox: box.Box.Async()}
}

// EAsyncBox provides asynchronous operations on E objects.
//
// Asynchronous operations are executed on a separate internal thread for better performance.
//
// There are two main use cases:
//
// 1) "execute & forget:" you gain faster put/remove operations as you don't have to wait for the transaction to finish.
//
// 2) Many small transactions: if your write load is typically a lot of individual puts that happen in parallel,
// this will merge small transactions into bigger ones. This results in a significant gain in overall throughput.
//
// In situations with (extremely) high async load, an async method may be throttled (~1ms) or delayed up to 1 second.
// In the unlikely event that the object could still not be enqueued (full queue), an error will be returned.
//
// Note that async methods do not give you hard durability guarantees like the synchronous Box provides.
// There is a small time window in which the data may not have been committed durably yet.
type EAsyncBox struct {
	*objectbox.AsyncBox
}

// AsyncBoxForE creates a new async box with the given operation timeout in case an async queue is full.
// The returned struct must be freed explicitly using the Close() method.
// It's usually preferable to use EBox::Async() which takes care of resource management and doesn't require closing.
func AsyncBoxForE(ob *objectbox.ObjectBox, timeoutMs uint64) *EAsyncBox {
	var async, err = objectbox.NewAsyncBox(ob, 5, timeoutMs)
	if err != nil {
		panic("Could not create async box for entity ID 5: %s" + err.Error())
	}
	return &EAsyncBox{AsyncBox: async}
}

// Put inserts/updates a single object asynchronously.
// When inserting a new object, the id property on the passed object will be assigned the new ID the entity would hold
// if the insert is ultimately successful. The newly assigned ID may not become valid if the insert fails.
func (asyncBox *EAsyncBox) Put(object *E) (uint64, error) {
	return asyncBox.AsyncBox.Put(object)
}

// Insert a single object asynchronously.
// The id property on the passed object will be assigned the new ID the entity would hold if the insert is ultimately
// successful. The newly assigned ID may not become valid if the insert fails.
// Fails silently if an object with the same ID already exists (this error is not returned).
func (asyncBox *EAsyncBox) Insert(object *E) (id uint64, err error) {
	return asyncBox.AsyncBox.Insert(object)
}

// Update a single object asynchronously.
// The object must already exists or the update fails silently (without an error returned).
func (asyncBox *EAsyncBox) Update(object *E) error {
	return asyncBox.AsyncBox.Update(object)
}

// Remove deletes a single object asynchronously.
func (asyncBox *EAsyncBox) Remove(object *E) error {
	return asyncBox.AsyncBox.Remove(object)
}

// Query provides a way to search stored objects
//
// For example, you can find all E which id is either 42 or 47:
//
// box.Query(E_.id.In(42, 47)).Find()
type EQuery struct {
	*objectbox.Query
}

// Find returns all objects matching the query
func (query *EQuery) Find() ([]*E, error) {
	objects, err := query.Query.Find()
	if err != nil {
		return nil, err
	}
	return objects.([]*E), nil
}

// Offset defines the index of the first object to process (how many objects to skip)
func (query *EQuery) Offset(offset uint64) *EQuery {
	query.Query.Offset(offset)
	return query
}

// Limit sets the number of elements to process by the query
func (query *EQuery) Limit(limit uint64) *EQuery {
	query.Query.Limit(limit)
	return query
}
