// Code generated by ObjectBox; DO NOT EDIT.
// Learn more about defining entities and generating this file - visit https://golang.objectbox.io/entity-annotations

package object

import (
	"errors"
	"github.com/google/flatbuffers/go"
	"github.com/objectbox/objectbox-go/objectbox"
	"github.com/objectbox/objectbox-go/objectbox/fbutils"
)

type f_EntityInfo struct {
	objectbox.Entity
	Uid uint64
}

var FBinding = f_EntityInfo{
	Entity: objectbox.Entity{
		Id: 6,
	},
	Uid: 3930927879439176946,
}

// F_ contains type-based Property helpers to facilitate some common operations such as Queries.
var F_ = struct {
	id               *objectbox.PropertyUint64
	Combined_Text    *objectbox.PropertyString
	Combined_Id      *objectbox.PropertyUint64
	Combined_Value   *objectbox.PropertyFloat64
	BytesValue_Value *objectbox.PropertyByteVector
	More_Text        *objectbox.PropertyString
	More_Id          *objectbox.PropertyUint64
	More_Value       *objectbox.PropertyFloat64
}{
	id: &objectbox.PropertyUint64{
		BaseProperty: &objectbox.BaseProperty{
			Id:     1,
			Entity: &FBinding.Entity,
		},
	},
	Combined_Text: &objectbox.PropertyString{
		BaseProperty: &objectbox.BaseProperty{
			Id:     2,
			Entity: &FBinding.Entity,
		},
	},
	Combined_Id: &objectbox.PropertyUint64{
		BaseProperty: &objectbox.BaseProperty{
			Id:     3,
			Entity: &FBinding.Entity,
		},
	},
	Combined_Value: &objectbox.PropertyFloat64{
		BaseProperty: &objectbox.BaseProperty{
			Id:     4,
			Entity: &FBinding.Entity,
		},
	},
	BytesValue_Value: &objectbox.PropertyByteVector{
		BaseProperty: &objectbox.BaseProperty{
			Id:     5,
			Entity: &FBinding.Entity,
		},
	},
	More_Text: &objectbox.PropertyString{
		BaseProperty: &objectbox.BaseProperty{
			Id:     6,
			Entity: &FBinding.Entity,
		},
	},
	More_Id: &objectbox.PropertyUint64{
		BaseProperty: &objectbox.BaseProperty{
			Id:     7,
			Entity: &FBinding.Entity,
		},
	},
	More_Value: &objectbox.PropertyFloat64{
		BaseProperty: &objectbox.BaseProperty{
			Id:     8,
			Entity: &FBinding.Entity,
		},
	},
}

// GeneratorVersion is called by ObjectBox to verify the compatibility of the generator used to generate this code
func (f_EntityInfo) GeneratorVersion() int {
	return 6
}

// AddToModel is called by ObjectBox during model build
func (f_EntityInfo) AddToModel(model *objectbox.Model) {
	model.Entity("F", 6, 3930927879439176946)
	model.Property("id", 6, 1, 4706154865122290029)
	model.PropertyFlags(1)
	model.Property("Combined_Text", 9, 2, 2217592893536642650)
	model.Property("Combined_Id", 6, 3, 1929546706668609706)
	model.PropertyFlags(8192)
	model.Property("Combined_Value", 8, 4, 6392442863481646880)
	model.PropertyFlags(40)
	model.PropertyIndex(2, 3706853784096366226)
	model.Property("BytesValue_Value", 23, 5, 2627038740284806767)
	model.Property("More_Text", 9, 6, 6303220950515014660)
	model.Property("More_Id", 6, 7, 4035568504096476779)
	model.PropertyFlags(8192)
	model.Property("More_Value", 8, 8, 959367522974354090)
	model.PropertyFlags(40)
	model.PropertyIndex(3, 2914295034816259174)
	model.EntityLastPropertyId(8, 959367522974354090)
}

// GetId is called by ObjectBox during Put operations to check for existing ID on an object
func (f_EntityInfo) GetId(object interface{}) (uint64, error) {
	return object.(*F).id, nil
}

// SetId is called by ObjectBox during Put to update an ID on an object that has just been inserted
func (f_EntityInfo) SetId(object interface{}, id uint64) error {
	object.(*F).id = id
	return nil
}

// PutRelated is called by ObjectBox to put related entities before the object itself is flattened and put
func (f_EntityInfo) PutRelated(ob *objectbox.ObjectBox, object interface{}, id uint64) error {
	return nil
}

// Flatten is called by ObjectBox to transform an object to a FlatBuffer
func (f_EntityInfo) Flatten(object interface{}, fbb *flatbuffers.Builder, id uint64) error {
	obj := object.(*F)
	var offsetCombined_Text = fbutils.CreateStringOffset(fbb, obj.Combined.Text)
	var offsetBytesValue_Value = fbutils.CreateByteVectorOffset(fbb, obj.BytesValue.Value)
	var offsetMore_Text = fbutils.CreateStringOffset(fbb, obj.More.Text)

	// build the FlatBuffers object
	fbb.StartObject(8)
	fbutils.SetUint64Slot(fbb, 0, id)
	fbutils.SetUOffsetTSlot(fbb, 1, offsetCombined_Text)
	fbutils.SetUint64Slot(fbb, 2, obj.Combined.Id.Id)
	fbutils.SetFloat64Slot(fbb, 3, obj.Combined.Float64Value.Value)
	fbutils.SetUOffsetTSlot(fbb, 4, offsetBytesValue_Value)
	fbutils.SetUOffsetTSlot(fbb, 5, offsetMore_Text)
	fbutils.SetUint64Slot(fbb, 6, obj.More.Id.Id)
	fbutils.SetFloat64Slot(fbb, 7, obj.More.Float64Value.Value)
	return nil
}

// Load is called by ObjectBox to load an object from a FlatBuffer
func (f_EntityInfo) Load(ob *objectbox.ObjectBox, bytes []byte) (interface{}, error) {
	if len(bytes) == 0 { // sanity check, should "never" happen
		return nil, errors.New("can't deserialize an object of type 'F' - no data received")
	}

	var table = &flatbuffers.Table{
		Bytes: bytes,
		Pos:   flatbuffers.GetUOffsetT(bytes),
	}

	var propid = table.GetUint64Slot(4, 0)

	return &F{
		id: propid,
		Combined: Combined{
			Text:  fbutils.GetStringSlot(table, 6),
			Empty: Empty{},
			Id: Id{
				Id: fbutils.GetUint64Slot(table, 8),
			},
			Float64Value: Float64Value{
				Value: fbutils.GetFloat64Slot(table, 10),
			},
		},
		BytesValue: BytesValue{
			Value: fbutils.GetByteVectorSlot(table, 12),
		},
		More: Combined{
			Text:  fbutils.GetStringSlot(table, 14),
			Empty: Empty{},
			Id: Id{
				Id: fbutils.GetUint64Slot(table, 16),
			},
			Float64Value: Float64Value{
				Value: fbutils.GetFloat64Slot(table, 18),
			},
		},
	}, nil
}

// MakeSlice is called by ObjectBox to construct a new slice to hold the read objects
func (f_EntityInfo) MakeSlice(capacity int) interface{} {
	return make([]*F, 0, capacity)
}

// AppendToSlice is called by ObjectBox to fill the slice of the read objects
func (f_EntityInfo) AppendToSlice(slice interface{}, object interface{}) interface{} {
	if object == nil {
		return append(slice.([]*F), nil)
	}
	return append(slice.([]*F), object.(*F))
}

// Box provides CRUD access to F objects
type FBox struct {
	*objectbox.Box
}

// BoxForF opens a box of F objects
func BoxForF(ob *objectbox.ObjectBox) *FBox {
	return &FBox{
		Box: ob.InternalBox(6),
	}
}

// Put synchronously inserts/updates a single object.
// In case the id is not specified, it would be assigned automatically (auto-increment).
// When inserting, the F.id property on the passed object will be assigned the new ID as well.
func (box *FBox) Put(object *F) (uint64, error) {
	return box.Box.Put(object)
}

// Insert synchronously inserts a single object. As opposed to Put, Insert will fail if given an ID that already exists.
// In case the id is not specified, it would be assigned automatically (auto-increment).
// When inserting, the F.id property on the passed object will be assigned the new ID as well.
func (box *FBox) Insert(object *F) (uint64, error) {
	return box.Box.Insert(object)
}

// Update synchronously updates a single object.
// As opposed to Put, Update will fail if an object with the same ID is not found in the database.
func (box *FBox) Update(object *F) error {
	return box.Box.Update(object)
}

// PutAsync asynchronously inserts/updates a single object.
// Deprecated: use box.Async().Put() instead
func (box *FBox) PutAsync(object *F) (uint64, error) {
	return box.Box.PutAsync(object)
}

// PutMany inserts multiple objects in single transaction.
// In case ids are not set on the objects, they would be assigned automatically (auto-increment).
//
// Returns: IDs of the put objects (in the same order).
// When inserting, the F.id property on the objects in the slice will be assigned the new IDs as well.
//
// Note: In case an error occurs during the transaction, some of the objects may already have the F.id assigned
// even though the transaction has been rolled back and the objects are not stored under those IDs.
//
// Note: The slice may be empty or even nil; in both cases, an empty IDs slice and no error is returned.
func (box *FBox) PutMany(objects []*F) ([]uint64, error) {
	return box.Box.PutMany(objects)
}

// Get reads a single object.
//
// Returns nil (and no error) in case the object with the given ID doesn't exist.
func (box *FBox) Get(id uint64) (*F, error) {
	object, err := box.Box.Get(id)
	if err != nil {
		return nil, err
	} else if object == nil {
		return nil, nil
	}
	return object.(*F), nil
}

// GetMany reads multiple objects at once.
// If any of the objects doesn't exist, its position in the return slice is nil
func (box *FBox) GetMany(ids ...uint64) ([]*F, error) {
	objects, err := box.Box.GetMany(ids...)
	if err != nil {
		return nil, err
	}
	return objects.([]*F), nil
}

// GetManyExisting reads multiple objects at once, skipping those that do not exist.
func (box *FBox) GetManyExisting(ids ...uint64) ([]*F, error) {
	objects, err := box.Box.GetManyExisting(ids...)
	if err != nil {
		return nil, err
	}
	return objects.([]*F), nil
}

// GetAll reads all stored objects
func (box *FBox) GetAll() ([]*F, error) {
	objects, err := box.Box.GetAll()
	if err != nil {
		return nil, err
	}
	return objects.([]*F), nil
}

// Remove deletes a single object
func (box *FBox) Remove(object *F) error {
	return box.Box.Remove(object)
}

// RemoveMany deletes multiple objects at once.
// Returns the number of deleted object or error on failure.
// Note that this method will not fail if an object is not found (e.g. already removed).
// In case you need to strictly check whether all of the objects exist before removing them,
// you can execute multiple box.Contains() and box.Remove() inside a single write transaction.
func (box *FBox) RemoveMany(objects ...*F) (uint64, error) {
	var ids = make([]uint64, len(objects))
	for k, object := range objects {
		ids[k] = object.id
	}
	return box.Box.RemoveIds(ids...)
}

// Creates a query with the given conditions. Use the fields of the F_ struct to create conditions.
// Keep the *FQuery if you intend to execute the query multiple times.
// Note: this function panics if you try to create illegal queries; e.g. use properties of an alien type.
// This is typically a programming error. Use QueryOrError instead if you want the explicit error check.
func (box *FBox) Query(conditions ...objectbox.Condition) *FQuery {
	return &FQuery{
		box.Box.Query(conditions...),
	}
}

// Creates a query with the given conditions. Use the fields of the F_ struct to create conditions.
// Keep the *FQuery if you intend to execute the query multiple times.
func (box *FBox) QueryOrError(conditions ...objectbox.Condition) (*FQuery, error) {
	if query, err := box.Box.QueryOrError(conditions...); err != nil {
		return nil, err
	} else {
		return &FQuery{query}, nil
	}
}

// Async provides access to the default Async Box for asynchronous operations. See FAsyncBox for more information.
func (box *FBox) Async() *FAsyncBox {
	return &FAsyncBox{AsyncBox: box.Box.Async()}
}

// FAsyncBox provides asynchronous operations on F objects.
//
// Asynchronous operations are executed on a separate internal thread for better performance.
//
// There are two main use cases:
//
// 1) "execute & forget:" you gain faster put/remove operations as you don't have to wait for the transaction to finish.
//
// 2) Many small transactions: if your write load is typically a lot of individual puts that happen in parallel,
// this will merge small transactions into bigger ones. This results in a significant gain in overall throughput.
//
// In situations with (extremely) high async load, an async method may be throttled (~1ms) or delayed up to 1 second.
// In the unlikely event that the object could still not be enqueued (full queue), an error will be returned.
//
// Note that async methods do not give you hard durability guarantees like the synchronous Box provides.
// There is a small time window in which the data may not have been committed durably yet.
type FAsyncBox struct {
	*objectbox.AsyncBox
}

// AsyncBoxForF creates a new async box with the given operation timeout in case an async queue is full.
// The returned struct must be freed explicitly using the Close() method.
// It's usually preferable to use FBox::Async() which takes care of resource management and doesn't require closing.
func AsyncBoxForF(ob *objectbox.ObjectBox, timeoutMs uint64) *FAsyncBox {
	var async, err = objectbox.NewAsyncBox(ob, 6, timeoutMs)
	if err != nil {
		panic("Could not create async box for entity ID 6: %s" + err.Error())
	}
	return &FAsyncBox{AsyncBox: async}
}

// Put inserts/updates a single object asynchronously.
// When inserting a new object, the id property on the passed object will be assigned the new ID the entity would hold
// if the insert is ultimately successful. The newly assigned ID may not become valid if the insert fails.
func (asyncBox *FAsyncBox) Put(object *F) (uint64, error) {
	return asyncBox.AsyncBox.Put(object)
}

// Insert a single object asynchronously.
// The id property on the passed object will be assigned the new ID the entity would hold if the insert is ultimately
// successful. The newly assigned ID may not become valid if the insert fails.
// Fails silently if an object with the same ID already exists (this error is not returned).
func (asyncBox *FAsyncBox) Insert(object *F) (id uint64, err error) {
	return asyncBox.AsyncBox.Insert(object)
}

// Update a single object asynchronously.
// The object must already exists or the update fails silently (without an error returned).
func (asyncBox *FAsyncBox) Update(object *F) error {
	return asyncBox.AsyncBox.Update(object)
}

// Remove deletes a single object asynchronously.
func (asyncBox *FAsyncBox) Remove(object *F) error {
	return asyncBox.AsyncBox.Remove(object)
}

// Query provides a way to search stored objects
//
// For example, you can find all F which id is either 42 or 47:
//
// box.Query(F_.id.In(42, 47)).Find()
type FQuery struct {
	*objectbox.Query
}

// Find returns all objects matching the query
func (query *FQuery) Find() ([]*F, error) {
	objects, err := query.Query.Find()
	if err != nil {
		return nil, err
	}
	return objects.([]*F), nil
}

// Offset defines the index of the first object to process (how many objects to skip)
func (query *FQuery) Offset(offset uint64) *FQuery {
	query.Query.Offset(offset)
	return query
}

// Limit sets the number of elements to process by the query
func (query *FQuery) Limit(limit uint64) *FQuery {
	query.Query.Limit(limit)
	return query
}
