// Code generated by ObjectBox; DO NOT EDIT.
// Learn more about defining entities and generating this file - visit https://golang.objectbox.io/entity-annotations

package object

import (
	"errors"
	"github.com/google/flatbuffers/go"
	"github.com/objectbox/objectbox-go/objectbox"
	"github.com/objectbox/objectbox-go/objectbox/fbutils"
)

type teacher_EntityInfo struct {
	objectbox.Entity
	Uid uint64
}

var TeacherBinding = teacher_EntityInfo{
	Entity: objectbox.Entity{
		Id: 3,
	},
	Uid: 1774932891286980153,
}

// Teacher_ contains type-based Property helpers to facilitate some common operations such as Queries.
var Teacher_ = struct {
	Id *objectbox.PropertyUint64
}{
	Id: &objectbox.PropertyUint64{
		BaseProperty: &objectbox.BaseProperty{
			Id:     1,
			Entity: &TeacherBinding.Entity,
		},
	},
}

// GeneratorVersion is called by ObjectBox to verify the compatibility of the generator used to generate this code
func (teacher_EntityInfo) GeneratorVersion() int {
	return 6
}

// AddToModel is called by ObjectBox during model build
func (teacher_EntityInfo) AddToModel(model *objectbox.Model) {
	model.Entity("Teacher", 3, 1774932891286980153)
	model.Property("Id", 6, 1, 8274930044578894929)
	model.PropertyFlags(1)
	model.EntityLastPropertyId(1, 8274930044578894929)
}

// GetId is called by ObjectBox during Put operations to check for existing ID on an object
func (teacher_EntityInfo) GetId(object interface{}) (uint64, error) {
	return object.(*Teacher).Id, nil
}

// SetId is called by ObjectBox during Put to update an ID on an object that has just been inserted
func (teacher_EntityInfo) SetId(object interface{}, id uint64) error {
	object.(*Teacher).Id = id
	return nil
}

// PutRelated is called by ObjectBox to put related entities before the object itself is flattened and put
func (teacher_EntityInfo) PutRelated(ob *objectbox.ObjectBox, object interface{}, id uint64) error {
	return nil
}

// Flatten is called by ObjectBox to transform an object to a FlatBuffer
func (teacher_EntityInfo) Flatten(object interface{}, fbb *flatbuffers.Builder, id uint64) error {

	// build the FlatBuffers object
	fbb.StartObject(1)
	fbutils.SetUint64Slot(fbb, 0, id)
	return nil
}

// Load is called by ObjectBox to load an object from a FlatBuffer
func (teacher_EntityInfo) Load(ob *objectbox.ObjectBox, bytes []byte) (interface{}, error) {
	if len(bytes) == 0 { // sanity check, should "never" happen
		return nil, errors.New("can't deserialize an object of type 'Teacher' - no data received")
	}

	var table = &flatbuffers.Table{
		Bytes: bytes,
		Pos:   flatbuffers.GetUOffsetT(bytes),
	}

	var propId = table.GetUint64Slot(4, 0)

	return &Teacher{
		Id:       propId,
		Students: nil, // use TeacherBox::FetchStudents() to fetch this lazy-loaded relation backlink,

	}, nil
}

// MakeSlice is called by ObjectBox to construct a new slice to hold the read objects
func (teacher_EntityInfo) MakeSlice(capacity int) interface{} {
	return make([]*Teacher, 0, capacity)
}

// AppendToSlice is called by ObjectBox to fill the slice of the read objects
func (teacher_EntityInfo) AppendToSlice(slice interface{}, object interface{}) interface{} {
	if object == nil {
		return append(slice.([]*Teacher), nil)
	}
	return append(slice.([]*Teacher), object.(*Teacher))
}

// Box provides CRUD access to Teacher objects
type TeacherBox struct {
	*objectbox.Box
}

// BoxForTeacher opens a box of Teacher objects
func BoxForTeacher(ob *objectbox.ObjectBox) *TeacherBox {
	return &TeacherBox{
		Box: ob.InternalBox(3),
	}
}

// Put synchronously inserts/updates a single object.
// In case the Id is not specified, it would be assigned automatically (auto-increment).
// When inserting, the Teacher.Id property on the passed object will be assigned the new ID as well.
func (box *TeacherBox) Put(object *Teacher) (uint64, error) {
	return box.Box.Put(object)
}

// Insert synchronously inserts a single object. As opposed to Put, Insert will fail if given an ID that already exists.
// In case the Id is not specified, it would be assigned automatically (auto-increment).
// When inserting, the Teacher.Id property on the passed object will be assigned the new ID as well.
func (box *TeacherBox) Insert(object *Teacher) (uint64, error) {
	return box.Box.Insert(object)
}

// Update synchronously updates a single object.
// As opposed to Put, Update will fail if an object with the same ID is not found in the database.
func (box *TeacherBox) Update(object *Teacher) error {
	return box.Box.Update(object)
}

// PutAsync asynchronously inserts/updates a single object.
// Deprecated: use box.Async().Put() instead
func (box *TeacherBox) PutAsync(object *Teacher) (uint64, error) {
	return box.Box.PutAsync(object)
}

// PutMany inserts multiple objects in single transaction.
// In case Ids are not set on the objects, they would be assigned automatically (auto-increment).
//
// Returns: IDs of the put objects (in the same order).
// When inserting, the Teacher.Id property on the objects in the slice will be assigned the new IDs as well.
//
// Note: In case an error occurs during the transaction, some of the objects may already have the Teacher.Id assigned
// even though the transaction has been rolled back and the objects are not stored under those IDs.
//
// Note: The slice may be empty or even nil; in both cases, an empty IDs slice and no error is returned.
func (box *TeacherBox) PutMany(objects []*Teacher) ([]uint64, error) {
	return box.Box.PutMany(objects)
}

// Get reads a single object.
//
// Returns nil (and no error) in case the object with the given ID doesn't exist.
func (box *TeacherBox) Get(id uint64) (*Teacher, error) {
	object, err := box.Box.Get(id)
	if err != nil {
		return nil, err
	} else if object == nil {
		return nil, nil
	}
	return object.(*Teacher), nil
}

// GetMany reads multiple objects at once.
// If any of the objects doesn't exist, its position in the return slice is nil
func (box *TeacherBox) GetMany(ids ...uint64) ([]*Teacher, error) {
	objects, err := box.Box.GetMany(ids...)
	if err != nil {
		return nil, err
	}
	return objects.([]*Teacher), nil
}

// GetManyExisting reads multiple objects at once, skipping those that do not exist.
func (box *TeacherBox) GetManyExisting(ids ...uint64) ([]*Teacher, error) {
	objects, err := box.Box.GetManyExisting(ids...)
	if err != nil {
		return nil, err
	}
	return objects.([]*Teacher), nil
}

// GetAll reads all stored objects
func (box *TeacherBox) GetAll() ([]*Teacher, error) {
	objects, err := box.Box.GetAll()
	if err != nil {
		return nil, err
	}
	return objects.([]*Teacher), nil
}

// FetchStudents reads source objects back-linked by relation Student::Teacher.
// It will "GetManyExisting()" all related Student objects for each source object
// and set sourceObject.Students to the slice of related objects, as currently stored in DB.
func (box *TeacherBox) FetchStudents(sourceObjects ...*Teacher) error {
	var slices = make([][]*Student, len(sourceObjects))
	err := box.ObjectBox.RunInReadTx(func() error {
		// collect slices before setting the source objects' fields
		// this keeps all the sourceObjects untouched in case there's an error during any of the requests
		for k, object := range sourceObjects {
			rIds, err := BoxForStudent(box.ObjectBox).RelationBackLinkIds(Student_.Teacher, object.Id)
			if err == nil {
				slices[k], err = BoxForStudent(box.ObjectBox).GetManyExisting(rIds...)
			}
			if err != nil {
				return err
			}
		}
		return nil
	})

	if err == nil { // update the field on all objects if we got all slices
		for k := range sourceObjects {
			sourceObjects[k].Students = slices[k]
		}
	}
	return err
}

// Remove deletes a single object
func (box *TeacherBox) Remove(object *Teacher) error {
	return box.Box.Remove(object)
}

// RemoveMany deletes multiple objects at once.
// Returns the number of deleted object or error on failure.
// Note that this method will not fail if an object is not found (e.g. already removed).
// In case you need to strictly check whether all of the objects exist before removing them,
// you can execute multiple box.Contains() and box.Remove() inside a single write transaction.
func (box *TeacherBox) RemoveMany(objects ...*Teacher) (uint64, error) {
	var ids = make([]uint64, len(objects))
	for k, object := range objects {
		ids[k] = object.Id
	}
	return box.Box.RemoveIds(ids...)
}

// Creates a query with the given conditions. Use the fields of the Teacher_ struct to create conditions.
// Keep the *TeacherQuery if you intend to execute the query multiple times.
// Note: this function panics if you try to create illegal queries; e.g. use properties of an alien type.
// This is typically a programming error. Use QueryOrError instead if you want the explicit error check.
func (box *TeacherBox) Query(conditions ...objectbox.Condition) *TeacherQuery {
	return &TeacherQuery{
		box.Box.Query(conditions...),
	}
}

// Creates a query with the given conditions. Use the fields of the Teacher_ struct to create conditions.
// Keep the *TeacherQuery if you intend to execute the query multiple times.
func (box *TeacherBox) QueryOrError(conditions ...objectbox.Condition) (*TeacherQuery, error) {
	if query, err := box.Box.QueryOrError(conditions...); err != nil {
		return nil, err
	} else {
		return &TeacherQuery{query}, nil
	}
}

// Async provides access to the default Async Box for asynchronous operations. See TeacherAsyncBox for more information.
func (box *TeacherBox) Async() *TeacherAsyncBox {
	return &TeacherAsyncBox{AsyncBox: box.Box.Async()}
}

// TeacherAsyncBox provides asynchronous operations on Teacher objects.
//
// Asynchronous operations are executed on a separate internal thread for better performance.
//
// There are two main use cases:
//
// 1) "execute & forget:" you gain faster put/remove operations as you don't have to wait for the transaction to finish.
//
// 2) Many small transactions: if your write load is typically a lot of individual puts that happen in parallel,
// this will merge small transactions into bigger ones. This results in a significant gain in overall throughput.
//
// In situations with (extremely) high async load, an async method may be throttled (~1ms) or delayed up to 1 second.
// In the unlikely event that the object could still not be enqueued (full queue), an error will be returned.
//
// Note that async methods do not give you hard durability guarantees like the synchronous Box provides.
// There is a small time window in which the data may not have been committed durably yet.
type TeacherAsyncBox struct {
	*objectbox.AsyncBox
}

// AsyncBoxForTeacher creates a new async box with the given operation timeout in case an async queue is full.
// The returned struct must be freed explicitly using the Close() method.
// It's usually preferable to use TeacherBox::Async() which takes care of resource management and doesn't require closing.
func AsyncBoxForTeacher(ob *objectbox.ObjectBox, timeoutMs uint64) *TeacherAsyncBox {
	var async, err = objectbox.NewAsyncBox(ob, 3, timeoutMs)
	if err != nil {
		panic("Could not create async box for entity ID 3: %s" + err.Error())
	}
	return &TeacherAsyncBox{AsyncBox: async}
}

// Put inserts/updates a single object asynchronously.
// When inserting a new object, the Id property on the passed object will be assigned the new ID the entity would hold
// if the insert is ultimately successful. The newly assigned ID may not become valid if the insert fails.
func (asyncBox *TeacherAsyncBox) Put(object *Teacher) (uint64, error) {
	return asyncBox.AsyncBox.Put(object)
}

// Insert a single object asynchronously.
// The Id property on the passed object will be assigned the new ID the entity would hold if the insert is ultimately
// successful. The newly assigned ID may not become valid if the insert fails.
// Fails silently if an object with the same ID already exists (this error is not returned).
func (asyncBox *TeacherAsyncBox) Insert(object *Teacher) (id uint64, err error) {
	return asyncBox.AsyncBox.Insert(object)
}

// Update a single object asynchronously.
// The object must already exists or the update fails silently (without an error returned).
func (asyncBox *TeacherAsyncBox) Update(object *Teacher) error {
	return asyncBox.AsyncBox.Update(object)
}

// Remove deletes a single object asynchronously.
func (asyncBox *TeacherAsyncBox) Remove(object *Teacher) error {
	return asyncBox.AsyncBox.Remove(object)
}

// Query provides a way to search stored objects
//
// For example, you can find all Teacher which Id is either 42 or 47:
// 		box.Query(Teacher_.Id.In(42, 47)).Find()
type TeacherQuery struct {
	*objectbox.Query
}

// Find returns all objects matching the query
func (query *TeacherQuery) Find() ([]*Teacher, error) {
	objects, err := query.Query.Find()
	if err != nil {
		return nil, err
	}
	return objects.([]*Teacher), nil
}

// Offset defines the index of the first object to process (how many objects to skip)
func (query *TeacherQuery) Offset(offset uint64) *TeacherQuery {
	query.Query.Offset(offset)
	return query
}

// Limit sets the number of elements to process by the query
func (query *TeacherQuery) Limit(limit uint64) *TeacherQuery {
	query.Query.Limit(limit)
	return query
}

type student_EntityInfo struct {
	objectbox.Entity
	Uid uint64
}

var StudentBinding = student_EntityInfo{
	Entity: objectbox.Entity{
		Id: 4,
	},
	Uid: 6044372234677422456,
}

// Student_ contains type-based Property helpers to facilitate some common operations such as Queries.
var Student_ = struct {
	Id      *objectbox.PropertyUint64
	Teacher *objectbox.RelationToOne
}{
	Id: &objectbox.PropertyUint64{
		BaseProperty: &objectbox.BaseProperty{
			Id:     1,
			Entity: &StudentBinding.Entity,
		},
	},
	Teacher: &objectbox.RelationToOne{
		Property: &objectbox.BaseProperty{
			Id:     2,
			Entity: &StudentBinding.Entity,
		},
		Target: &TeacherBinding.Entity,
	},
}

// GeneratorVersion is called by ObjectBox to verify the compatibility of the generator used to generate this code
func (student_EntityInfo) GeneratorVersion() int {
	return 6
}

// AddToModel is called by ObjectBox during model build
func (student_EntityInfo) AddToModel(model *objectbox.Model) {
	model.Entity("Student", 4, 6044372234677422456)
	model.Property("Id", 6, 1, 1543572285742637646)
	model.PropertyFlags(1)
	model.Property("Teacher", 11, 2, 2661732831099943416)
	model.PropertyFlags(520)
	model.PropertyRelation("Teacher", 1, 8325060299420976708)
	model.EntityLastPropertyId(2, 2661732831099943416)
}

// GetId is called by ObjectBox during Put operations to check for existing ID on an object
func (student_EntityInfo) GetId(object interface{}) (uint64, error) {
	return object.(*Student).Id, nil
}

// SetId is called by ObjectBox during Put to update an ID on an object that has just been inserted
func (student_EntityInfo) SetId(object interface{}, id uint64) error {
	object.(*Student).Id = id
	return nil
}

// PutRelated is called by ObjectBox to put related entities before the object itself is flattened and put
func (student_EntityInfo) PutRelated(ob *objectbox.ObjectBox, object interface{}, id uint64) error {
	if rel := object.(*Student).Teacher; rel != nil {
		if rId, err := TeacherBinding.GetId(rel); err != nil {
			return err
		} else if rId == 0 {
			// NOTE Put/PutAsync() has a side-effect of setting the rel.ID
			if _, err := BoxForTeacher(ob).Put(rel); err != nil {
				return err
			}
		}
	}
	return nil
}

// Flatten is called by ObjectBox to transform an object to a FlatBuffer
func (student_EntityInfo) Flatten(object interface{}, fbb *flatbuffers.Builder, id uint64) error {
	obj := object.(*Student)

	var rIdTeacher uint64
	if rel := obj.Teacher; rel != nil {
		if rId, err := TeacherBinding.GetId(rel); err != nil {
			return err
		} else {
			rIdTeacher = rId
		}
	}

	// build the FlatBuffers object
	fbb.StartObject(2)
	fbutils.SetUint64Slot(fbb, 0, id)
	if obj.Teacher != nil {
		fbutils.SetUint64Slot(fbb, 1, rIdTeacher)
	}
	return nil
}

// Load is called by ObjectBox to load an object from a FlatBuffer
func (student_EntityInfo) Load(ob *objectbox.ObjectBox, bytes []byte) (interface{}, error) {
	if len(bytes) == 0 { // sanity check, should "never" happen
		return nil, errors.New("can't deserialize an object of type 'Student' - no data received")
	}

	var table = &flatbuffers.Table{
		Bytes: bytes,
		Pos:   flatbuffers.GetUOffsetT(bytes),
	}

	var propId = table.GetUint64Slot(4, 0)

	var relTeacher *Teacher
	if rId := fbutils.GetUint64PtrSlot(table, 6); rId != nil && *rId > 0 {
		if rObject, err := BoxForTeacher(ob).Get(*rId); err != nil {
			return nil, err
		} else {
			relTeacher = rObject
		}
	}

	return &Student{
		Id:      propId,
		Teacher: relTeacher,
	}, nil
}

// MakeSlice is called by ObjectBox to construct a new slice to hold the read objects
func (student_EntityInfo) MakeSlice(capacity int) interface{} {
	return make([]*Student, 0, capacity)
}

// AppendToSlice is called by ObjectBox to fill the slice of the read objects
func (student_EntityInfo) AppendToSlice(slice interface{}, object interface{}) interface{} {
	if object == nil {
		return append(slice.([]*Student), nil)
	}
	return append(slice.([]*Student), object.(*Student))
}

// Box provides CRUD access to Student objects
type StudentBox struct {
	*objectbox.Box
}

// BoxForStudent opens a box of Student objects
func BoxForStudent(ob *objectbox.ObjectBox) *StudentBox {
	return &StudentBox{
		Box: ob.InternalBox(4),
	}
}

// Put synchronously inserts/updates a single object.
// In case the Id is not specified, it would be assigned automatically (auto-increment).
// When inserting, the Student.Id property on the passed object will be assigned the new ID as well.
func (box *StudentBox) Put(object *Student) (uint64, error) {
	return box.Box.Put(object)
}

// Insert synchronously inserts a single object. As opposed to Put, Insert will fail if given an ID that already exists.
// In case the Id is not specified, it would be assigned automatically (auto-increment).
// When inserting, the Student.Id property on the passed object will be assigned the new ID as well.
func (box *StudentBox) Insert(object *Student) (uint64, error) {
	return box.Box.Insert(object)
}

// Update synchronously updates a single object.
// As opposed to Put, Update will fail if an object with the same ID is not found in the database.
func (box *StudentBox) Update(object *Student) error {
	return box.Box.Update(object)
}

// PutAsync asynchronously inserts/updates a single object.
// Deprecated: use box.Async().Put() instead
func (box *StudentBox) PutAsync(object *Student) (uint64, error) {
	return box.Box.PutAsync(object)
}

// PutMany inserts multiple objects in single transaction.
// In case Ids are not set on the objects, they would be assigned automatically (auto-increment).
//
// Returns: IDs of the put objects (in the same order).
// When inserting, the Student.Id property on the objects in the slice will be assigned the new IDs as well.
//
// Note: In case an error occurs during the transaction, some of the objects may already have the Student.Id assigned
// even though the transaction has been rolled back and the objects are not stored under those IDs.
//
// Note: The slice may be empty or even nil; in both cases, an empty IDs slice and no error is returned.
func (box *StudentBox) PutMany(objects []*Student) ([]uint64, error) {
	return box.Box.PutMany(objects)
}

// Get reads a single object.
//
// Returns nil (and no error) in case the object with the given ID doesn't exist.
func (box *StudentBox) Get(id uint64) (*Student, error) {
	object, err := box.Box.Get(id)
	if err != nil {
		return nil, err
	} else if object == nil {
		return nil, nil
	}
	return object.(*Student), nil
}

// GetMany reads multiple objects at once.
// If any of the objects doesn't exist, its position in the return slice is nil
func (box *StudentBox) GetMany(ids ...uint64) ([]*Student, error) {
	objects, err := box.Box.GetMany(ids...)
	if err != nil {
		return nil, err
	}
	return objects.([]*Student), nil
}

// GetManyExisting reads multiple objects at once, skipping those that do not exist.
func (box *StudentBox) GetManyExisting(ids ...uint64) ([]*Student, error) {
	objects, err := box.Box.GetManyExisting(ids...)
	if err != nil {
		return nil, err
	}
	return objects.([]*Student), nil
}

// GetAll reads all stored objects
func (box *StudentBox) GetAll() ([]*Student, error) {
	objects, err := box.Box.GetAll()
	if err != nil {
		return nil, err
	}
	return objects.([]*Student), nil
}

// Remove deletes a single object
func (box *StudentBox) Remove(object *Student) error {
	return box.Box.Remove(object)
}

// RemoveMany deletes multiple objects at once.
// Returns the number of deleted object or error on failure.
// Note that this method will not fail if an object is not found (e.g. already removed).
// In case you need to strictly check whether all of the objects exist before removing them,
// you can execute multiple box.Contains() and box.Remove() inside a single write transaction.
func (box *StudentBox) RemoveMany(objects ...*Student) (uint64, error) {
	var ids = make([]uint64, len(objects))
	for k, object := range objects {
		ids[k] = object.Id
	}
	return box.Box.RemoveIds(ids...)
}

// Creates a query with the given conditions. Use the fields of the Student_ struct to create conditions.
// Keep the *StudentQuery if you intend to execute the query multiple times.
// Note: this function panics if you try to create illegal queries; e.g. use properties of an alien type.
// This is typically a programming error. Use QueryOrError instead if you want the explicit error check.
func (box *StudentBox) Query(conditions ...objectbox.Condition) *StudentQuery {
	return &StudentQuery{
		box.Box.Query(conditions...),
	}
}

// Creates a query with the given conditions. Use the fields of the Student_ struct to create conditions.
// Keep the *StudentQuery if you intend to execute the query multiple times.
func (box *StudentBox) QueryOrError(conditions ...objectbox.Condition) (*StudentQuery, error) {
	if query, err := box.Box.QueryOrError(conditions...); err != nil {
		return nil, err
	} else {
		return &StudentQuery{query}, nil
	}
}

// Async provides access to the default Async Box for asynchronous operations. See StudentAsyncBox for more information.
func (box *StudentBox) Async() *StudentAsyncBox {
	return &StudentAsyncBox{AsyncBox: box.Box.Async()}
}

// StudentAsyncBox provides asynchronous operations on Student objects.
//
// Asynchronous operations are executed on a separate internal thread for better performance.
//
// There are two main use cases:
//
// 1) "execute & forget:" you gain faster put/remove operations as you don't have to wait for the transaction to finish.
//
// 2) Many small transactions: if your write load is typically a lot of individual puts that happen in parallel,
// this will merge small transactions into bigger ones. This results in a significant gain in overall throughput.
//
// In situations with (extremely) high async load, an async method may be throttled (~1ms) or delayed up to 1 second.
// In the unlikely event that the object could still not be enqueued (full queue), an error will be returned.
//
// Note that async methods do not give you hard durability guarantees like the synchronous Box provides.
// There is a small time window in which the data may not have been committed durably yet.
type StudentAsyncBox struct {
	*objectbox.AsyncBox
}

// AsyncBoxForStudent creates a new async box with the given operation timeout in case an async queue is full.
// The returned struct must be freed explicitly using the Close() method.
// It's usually preferable to use StudentBox::Async() which takes care of resource management and doesn't require closing.
func AsyncBoxForStudent(ob *objectbox.ObjectBox, timeoutMs uint64) *StudentAsyncBox {
	var async, err = objectbox.NewAsyncBox(ob, 4, timeoutMs)
	if err != nil {
		panic("Could not create async box for entity ID 4: %s" + err.Error())
	}
	return &StudentAsyncBox{AsyncBox: async}
}

// Put inserts/updates a single object asynchronously.
// When inserting a new object, the Id property on the passed object will be assigned the new ID the entity would hold
// if the insert is ultimately successful. The newly assigned ID may not become valid if the insert fails.
func (asyncBox *StudentAsyncBox) Put(object *Student) (uint64, error) {
	return asyncBox.AsyncBox.Put(object)
}

// Insert a single object asynchronously.
// The Id property on the passed object will be assigned the new ID the entity would hold if the insert is ultimately
// successful. The newly assigned ID may not become valid if the insert fails.
// Fails silently if an object with the same ID already exists (this error is not returned).
func (asyncBox *StudentAsyncBox) Insert(object *Student) (id uint64, err error) {
	return asyncBox.AsyncBox.Insert(object)
}

// Update a single object asynchronously.
// The object must already exists or the update fails silently (without an error returned).
func (asyncBox *StudentAsyncBox) Update(object *Student) error {
	return asyncBox.AsyncBox.Update(object)
}

// Remove deletes a single object asynchronously.
func (asyncBox *StudentAsyncBox) Remove(object *Student) error {
	return asyncBox.AsyncBox.Remove(object)
}

// Query provides a way to search stored objects
//
// For example, you can find all Student which Id is either 42 or 47:
// 		box.Query(Student_.Id.In(42, 47)).Find()
type StudentQuery struct {
	*objectbox.Query
}

// Find returns all objects matching the query
func (query *StudentQuery) Find() ([]*Student, error) {
	objects, err := query.Query.Find()
	if err != nil {
		return nil, err
	}
	return objects.([]*Student), nil
}

// Offset defines the index of the first object to process (how many objects to skip)
func (query *StudentQuery) Offset(offset uint64) *StudentQuery {
	query.Query.Offset(offset)
	return query
}

// Limit sets the number of elements to process by the query
func (query *StudentQuery) Limit(limit uint64) *StudentQuery {
	query.Query.Limit(limit)
	return query
}
