// Code generated by ObjectBox; DO NOT EDIT.
// Learn more about defining entities and generating this file - visit https://golang.objectbox.io/entity-annotations

package object

import (
	"errors"
	"github.com/google/flatbuffers/go"
	"github.com/objectbox/objectbox-go/objectbox"
	"github.com/objectbox/objectbox-go/objectbox/fbutils"
)

type taskRelManyPtr_EntityInfo struct {
	objectbox.Entity
	Uid uint64
}

var TaskRelManyPtrBinding = taskRelManyPtr_EntityInfo{
	Entity: objectbox.Entity{
		Id: 9,
	},
	Uid: 4035568504096476779,
}

// TaskRelManyPtr_ contains type-based Property helpers to facilitate some common operations such as Queries.
var TaskRelManyPtr_ = struct {
	Id     *objectbox.PropertyUint64
	Groups *objectbox.RelationToMany
}{
	Id: &objectbox.PropertyUint64{
		BaseProperty: &objectbox.BaseProperty{
			Id:     1,
			Entity: &TaskRelManyPtrBinding.Entity,
		},
	},
	Groups: &objectbox.RelationToMany{
		Id:     2,
		Source: &TaskRelManyPtrBinding.Entity,
		Target: &GroupBinding.Entity,
	},
}

// GeneratorVersion is called by ObjectBox to verify the compatibility of the generator used to generate this code
func (taskRelManyPtr_EntityInfo) GeneratorVersion() int {
	return 6
}

// AddToModel is called by ObjectBox during model build
func (taskRelManyPtr_EntityInfo) AddToModel(model *objectbox.Model) {
	model.Entity("TaskRelManyPtr", 9, 4035568504096476779)
	model.Property("Id", 6, 1, 959367522974354090)
	model.PropertyFlags(1)
	model.EntityLastPropertyId(1, 959367522974354090)
	model.Relation(2, 2914295034816259174, GroupBinding.Id, GroupBinding.Uid)
}

// GetId is called by ObjectBox during Put operations to check for existing ID on an object
func (taskRelManyPtr_EntityInfo) GetId(object interface{}) (uint64, error) {
	return object.(*TaskRelManyPtr).Id, nil
}

// SetId is called by ObjectBox during Put to update an ID on an object that has just been inserted
func (taskRelManyPtr_EntityInfo) SetId(object interface{}, id uint64) error {
	object.(*TaskRelManyPtr).Id = id
	return nil
}

// PutRelated is called by ObjectBox to put related entities before the object itself is flattened and put
func (taskRelManyPtr_EntityInfo) PutRelated(ob *objectbox.ObjectBox, object interface{}, id uint64) error {
	if object.(*TaskRelManyPtr).Groups != nil { // lazy-loaded relations without TaskRelManyPtrBox::FetchGroups() called are nil
		if err := BoxForTaskRelManyPtr(ob).RelationReplace(TaskRelManyPtr_.Groups, id, object, object.(*TaskRelManyPtr).Groups); err != nil {
			return err
		}
	}
	return nil
}

// Flatten is called by ObjectBox to transform an object to a FlatBuffer
func (taskRelManyPtr_EntityInfo) Flatten(object interface{}, fbb *flatbuffers.Builder, id uint64) error {

	// build the FlatBuffers object
	fbb.StartObject(1)
	fbutils.SetUint64Slot(fbb, 0, id)
	return nil
}

// Load is called by ObjectBox to load an object from a FlatBuffer
func (taskRelManyPtr_EntityInfo) Load(ob *objectbox.ObjectBox, bytes []byte) (interface{}, error) {
	if len(bytes) == 0 { // sanity check, should "never" happen
		return nil, errors.New("can't deserialize an object of type 'TaskRelManyPtr' - no data received")
	}

	var table = &flatbuffers.Table{
		Bytes: bytes,
		Pos:   flatbuffers.GetUOffsetT(bytes),
	}

	var propId = table.GetUint64Slot(4, 0)

	return &TaskRelManyPtr{
		Id:     propId,
		Groups: nil, // use TaskRelManyPtrBox::FetchGroups() to fetch this lazy-loaded relation,

	}, nil
}

// MakeSlice is called by ObjectBox to construct a new slice to hold the read objects
func (taskRelManyPtr_EntityInfo) MakeSlice(capacity int) interface{} {
	return make([]*TaskRelManyPtr, 0, capacity)
}

// AppendToSlice is called by ObjectBox to fill the slice of the read objects
func (taskRelManyPtr_EntityInfo) AppendToSlice(slice interface{}, object interface{}) interface{} {
	if object == nil {
		return append(slice.([]*TaskRelManyPtr), nil)
	}
	return append(slice.([]*TaskRelManyPtr), object.(*TaskRelManyPtr))
}

// Box provides CRUD access to TaskRelManyPtr objects
type TaskRelManyPtrBox struct {
	*objectbox.Box
}

// BoxForTaskRelManyPtr opens a box of TaskRelManyPtr objects
func BoxForTaskRelManyPtr(ob *objectbox.ObjectBox) *TaskRelManyPtrBox {
	return &TaskRelManyPtrBox{
		Box: ob.InternalBox(9),
	}
}

// Put synchronously inserts/updates a single object.
// In case the Id is not specified, it would be assigned automatically (auto-increment).
// When inserting, the TaskRelManyPtr.Id property on the passed object will be assigned the new ID as well.
func (box *TaskRelManyPtrBox) Put(object *TaskRelManyPtr) (uint64, error) {
	return box.Box.Put(object)
}

// Insert synchronously inserts a single object. As opposed to Put, Insert will fail if given an ID that already exists.
// In case the Id is not specified, it would be assigned automatically (auto-increment).
// When inserting, the TaskRelManyPtr.Id property on the passed object will be assigned the new ID as well.
func (box *TaskRelManyPtrBox) Insert(object *TaskRelManyPtr) (uint64, error) {
	return box.Box.Insert(object)
}

// Update synchronously updates a single object.
// As opposed to Put, Update will fail if an object with the same ID is not found in the database.
func (box *TaskRelManyPtrBox) Update(object *TaskRelManyPtr) error {
	return box.Box.Update(object)
}

// PutAsync asynchronously inserts/updates a single object.
// Deprecated: use box.Async().Put() instead
func (box *TaskRelManyPtrBox) PutAsync(object *TaskRelManyPtr) (uint64, error) {
	return box.Box.PutAsync(object)
}

// PutMany inserts multiple objects in single transaction.
// In case Ids are not set on the objects, they would be assigned automatically (auto-increment).
//
// Returns: IDs of the put objects (in the same order).
// When inserting, the TaskRelManyPtr.Id property on the objects in the slice will be assigned the new IDs as well.
//
// Note: In case an error occurs during the transaction, some of the objects may already have the TaskRelManyPtr.Id assigned
// even though the transaction has been rolled back and the objects are not stored under those IDs.
//
// Note: The slice may be empty or even nil; in both cases, an empty IDs slice and no error is returned.
func (box *TaskRelManyPtrBox) PutMany(objects []*TaskRelManyPtr) ([]uint64, error) {
	return box.Box.PutMany(objects)
}

// Get reads a single object.
//
// Returns nil (and no error) in case the object with the given ID doesn't exist.
func (box *TaskRelManyPtrBox) Get(id uint64) (*TaskRelManyPtr, error) {
	object, err := box.Box.Get(id)
	if err != nil {
		return nil, err
	} else if object == nil {
		return nil, nil
	}
	return object.(*TaskRelManyPtr), nil
}

// GetMany reads multiple objects at once.
// If any of the objects doesn't exist, its position in the return slice is nil
func (box *TaskRelManyPtrBox) GetMany(ids ...uint64) ([]*TaskRelManyPtr, error) {
	objects, err := box.Box.GetMany(ids...)
	if err != nil {
		return nil, err
	}
	return objects.([]*TaskRelManyPtr), nil
}

// GetManyExisting reads multiple objects at once, skipping those that do not exist.
func (box *TaskRelManyPtrBox) GetManyExisting(ids ...uint64) ([]*TaskRelManyPtr, error) {
	objects, err := box.Box.GetManyExisting(ids...)
	if err != nil {
		return nil, err
	}
	return objects.([]*TaskRelManyPtr), nil
}

// GetAll reads all stored objects
func (box *TaskRelManyPtrBox) GetAll() ([]*TaskRelManyPtr, error) {
	objects, err := box.Box.GetAll()
	if err != nil {
		return nil, err
	}
	return objects.([]*TaskRelManyPtr), nil
}

// FetchGroups reads target objects for relation TaskRelManyPtr::Groups.
// It will "GetManyExisting()" all related Group objects for each source object
// and set sourceObject.Groups to the slice of related objects, as currently stored in DB.
func (box *TaskRelManyPtrBox) FetchGroups(sourceObjects ...*TaskRelManyPtr) error {
	var slices = make([][]*Group, len(sourceObjects))
	err := box.ObjectBox.RunInReadTx(func() error {
		// collect slices before setting the source objects' fields
		// this keeps all the sourceObjects untouched in case there's an error during any of the requests
		for k, object := range sourceObjects {
			rIds, err := box.RelationIds(TaskRelManyPtr_.Groups, object.Id)
			if err == nil {
				slices[k], err = BoxForGroup(box.ObjectBox).GetManyExisting(rIds...)
			}
			if err != nil {
				return err
			}
		}
		return nil
	})

	if err == nil { // update the field on all objects if we got all slices
		for k := range sourceObjects {
			sourceObjects[k].Groups = slices[k]
		}
	}
	return err
}

// Remove deletes a single object
func (box *TaskRelManyPtrBox) Remove(object *TaskRelManyPtr) error {
	return box.Box.Remove(object)
}

// RemoveMany deletes multiple objects at once.
// Returns the number of deleted object or error on failure.
// Note that this method will not fail if an object is not found (e.g. already removed).
// In case you need to strictly check whether all of the objects exist before removing them,
// you can execute multiple box.Contains() and box.Remove() inside a single write transaction.
func (box *TaskRelManyPtrBox) RemoveMany(objects ...*TaskRelManyPtr) (uint64, error) {
	var ids = make([]uint64, len(objects))
	for k, object := range objects {
		ids[k] = object.Id
	}
	return box.Box.RemoveIds(ids...)
}

// Creates a query with the given conditions. Use the fields of the TaskRelManyPtr_ struct to create conditions.
// Keep the *TaskRelManyPtrQuery if you intend to execute the query multiple times.
// Note: this function panics if you try to create illegal queries; e.g. use properties of an alien type.
// This is typically a programming error. Use QueryOrError instead if you want the explicit error check.
func (box *TaskRelManyPtrBox) Query(conditions ...objectbox.Condition) *TaskRelManyPtrQuery {
	return &TaskRelManyPtrQuery{
		box.Box.Query(conditions...),
	}
}

// Creates a query with the given conditions. Use the fields of the TaskRelManyPtr_ struct to create conditions.
// Keep the *TaskRelManyPtrQuery if you intend to execute the query multiple times.
func (box *TaskRelManyPtrBox) QueryOrError(conditions ...objectbox.Condition) (*TaskRelManyPtrQuery, error) {
	if query, err := box.Box.QueryOrError(conditions...); err != nil {
		return nil, err
	} else {
		return &TaskRelManyPtrQuery{query}, nil
	}
}

// Async provides access to the default Async Box for asynchronous operations. See TaskRelManyPtrAsyncBox for more information.
func (box *TaskRelManyPtrBox) Async() *TaskRelManyPtrAsyncBox {
	return &TaskRelManyPtrAsyncBox{AsyncBox: box.Box.Async()}
}

// TaskRelManyPtrAsyncBox provides asynchronous operations on TaskRelManyPtr objects.
//
// Asynchronous operations are executed on a separate internal thread for better performance.
//
// There are two main use cases:
//
// 1) "execute & forget:" you gain faster put/remove operations as you don't have to wait for the transaction to finish.
//
// 2) Many small transactions: if your write load is typically a lot of individual puts that happen in parallel,
// this will merge small transactions into bigger ones. This results in a significant gain in overall throughput.
//
// In situations with (extremely) high async load, an async method may be throttled (~1ms) or delayed up to 1 second.
// In the unlikely event that the object could still not be enqueued (full queue), an error will be returned.
//
// Note that async methods do not give you hard durability guarantees like the synchronous Box provides.
// There is a small time window in which the data may not have been committed durably yet.
type TaskRelManyPtrAsyncBox struct {
	*objectbox.AsyncBox
}

// AsyncBoxForTaskRelManyPtr creates a new async box with the given operation timeout in case an async queue is full.
// The returned struct must be freed explicitly using the Close() method.
// It's usually preferable to use TaskRelManyPtrBox::Async() which takes care of resource management and doesn't require closing.
func AsyncBoxForTaskRelManyPtr(ob *objectbox.ObjectBox, timeoutMs uint64) *TaskRelManyPtrAsyncBox {
	var async, err = objectbox.NewAsyncBox(ob, 9, timeoutMs)
	if err != nil {
		panic("Could not create async box for entity ID 9: %s" + err.Error())
	}
	return &TaskRelManyPtrAsyncBox{AsyncBox: async}
}

// Put inserts/updates a single object asynchronously.
// When inserting a new object, the Id property on the passed object will be assigned the new ID the entity would hold
// if the insert is ultimately successful. The newly assigned ID may not become valid if the insert fails.
func (asyncBox *TaskRelManyPtrAsyncBox) Put(object *TaskRelManyPtr) (uint64, error) {
	return asyncBox.AsyncBox.Put(object)
}

// Insert a single object asynchronously.
// The Id property on the passed object will be assigned the new ID the entity would hold if the insert is ultimately
// successful. The newly assigned ID may not become valid if the insert fails.
// Fails silently if an object with the same ID already exists (this error is not returned).
func (asyncBox *TaskRelManyPtrAsyncBox) Insert(object *TaskRelManyPtr) (id uint64, err error) {
	return asyncBox.AsyncBox.Insert(object)
}

// Update a single object asynchronously.
// The object must already exists or the update fails silently (without an error returned).
func (asyncBox *TaskRelManyPtrAsyncBox) Update(object *TaskRelManyPtr) error {
	return asyncBox.AsyncBox.Update(object)
}

// Remove deletes a single object asynchronously.
func (asyncBox *TaskRelManyPtrAsyncBox) Remove(object *TaskRelManyPtr) error {
	return asyncBox.AsyncBox.Remove(object)
}

// Query provides a way to search stored objects
//
// For example, you can find all TaskRelManyPtr which Id is either 42 or 47:
// 		box.Query(TaskRelManyPtr_.Id.In(42, 47)).Find()
type TaskRelManyPtrQuery struct {
	*objectbox.Query
}

// Find returns all objects matching the query
func (query *TaskRelManyPtrQuery) Find() ([]*TaskRelManyPtr, error) {
	objects, err := query.Query.Find()
	if err != nil {
		return nil, err
	}
	return objects.([]*TaskRelManyPtr), nil
}

// Offset defines the index of the first object to process (how many objects to skip)
func (query *TaskRelManyPtrQuery) Offset(offset uint64) *TaskRelManyPtrQuery {
	query.Query.Offset(offset)
	return query
}

// Limit sets the number of elements to process by the query
func (query *TaskRelManyPtrQuery) Limit(limit uint64) *TaskRelManyPtrQuery {
	query.Query.Limit(limit)
	return query
}
