// Code generated by ObjectBox; DO NOT EDIT.

package object

import (
	"github.com/objectbox/objectbox-go/objectbox"
)

// ObjectBoxModel declares and builds the model from all the entities in the package.
// It is usually used when setting-up ObjectBox as an argument to the Builder.Model() function.
func ObjectBoxModel() *objectbox.Model {
	model := objectbox.NewModel()
	model.GeneratorVersion(6)

	model.RegisterBinding(GroupBinding)
	model.RegisterBinding(GroupByValBinding)
	model.RegisterBinding(TeacherBinding)
	model.RegisterBinding(StudentBinding)
	model.RegisterBinding(TaskRelIdBinding)
	model.RegisterBinding(TaskRelPtrBinding)
	model.RegisterBinding(TaskRelValueBinding)
	model.RegisterBinding(TaskRelEmbeddedBinding)
	model.RegisterBinding(TaskRelManyPtrBinding)
	model.RegisterBinding(TaskRelManyValueBinding)
	model.LastEntityId(10, 1395437218309923052)
	model.LastIndexId(5, 2627038740284806767)
	model.LastRelationId(3, 2897681629866238117)

	return model
}
