{
  "_note1": "KEEP THIS FILE! Check it into a version control system (VCS) like git.",
  "_note2": "ObjectBox manages crucial IDs for your object model. See docs for details.",
  "_note3": "If you have VCS merge conflicts, you must resolve them according to ObjectBox docs.",
  "entities": [
    {
      "id": "1:8717895732742165505",
      "lastPropertyId": "2:6050128673802995827",
      "name": "Group",
      "properties": [
        {
          "id": "1:2259404117704393152",
          "name": "Id",
          "type": 6,
          "flags": 1
        },
        {
          "id": "2:6050128673802995827",
          "name": "Name",
          "type": 9
        }
      ]
    },
    {
      "id": "2:501233450539197794",
      "lastPropertyId": "2:2669985732393126063",
      "name": "GroupByVal",
      "properties": [
        {
          "id": "1:3390393562759376202",
          "name": "Id",
          "type": 6,
          "flags": 1
        },
        {
          "id": "2:2669985732393126063",
          "name": "Name",
          "type": 9
        }
      ]
    },
    {
      "id": "3:1774932891286980153",
      "lastPropertyId": "1:8274930044578894929",
      "name": "Teacher",
      "properties": [
        {
          "id": "1:8274930044578894929",
          "name": "Id",
          "type": 6,
          "flags": 1
        }
      ]
    },
    {
      "id": "4:6044372234677422456",
      "lastPropertyId": "2:2661732831099943416",
      "name": "Student",
      "properties": [
        {
          "id": "1:1543572285742637646",
          "name": "Id",
          "type": 6,
          "flags": 1
        },
        {
          "id": "2:2661732831099943416",
          "name": "Teacher",
          "indexId": "1:8325060299420976708",
          "type": 11,
          "flags": 520,
          "relationTarget": "Teacher"
        }
      ]
    },
    {
      "id": "5:7837839688282259259",
      "lastPropertyId": "2:5617773211005988520",
      "name": "TaskRelId",
      "properties": [
        {
          "id": "1:2518412263346885298",
          "name": "Id",
          "type": 6,
          "flags": 1
        },
        {
          "id": "2:5617773211005988520",
          "name": "Group",
          "indexId": "2:2339563716805116249",
          "type": 11,
          "flags": 520,
          "relationTarget": "Group"
        }
      ]
    },
    {
      "id": "6:7144924247938981575",
      "lastPropertyId": "2:7259475919510918339",
      "name": "TaskRelPtr",
      "properties": [
        {
          "id": "1:161231572858529631",
          "name": "Id",
          "type": 6,
          "flags": 1
        },
        {
          "id": "2:7259475919510918339",
          "name": "Group",
          "indexId": "3:7373105480197164748",
          "type": 11,
          "flags": 520,
          "relationTarget": "Group"
        }
      ]
    },
    {
      "id": "7:3287288577352441706",
      "lastPropertyId": "2:4706154865122290029",
      "name": "TaskRelValue",
      "properties": [
        {
          "id": "1:3930927879439176946",
          "name": "Id",
          "type": 6,
          "flags": 1
        },
        {
          "id": "2:4706154865122290029",
          "name": "Group",
          "indexId": "4:2217592893536642650",
          "type": 11,
          "flags": 520,
          "relationTarget": "Group"
        }
      ]
    },
    {
      "id": "8:1929546706668609706",
      "lastPropertyId": "2:3706853784096366226",
      "name": "TaskRelEmbedded",
      "properties": [
        {
          "id": "1:6392442863481646880",
          "name": "Id",
          "type": 6,
          "flags": 1
        },
        {
          "id": "2:3706853784096366226",
          "name": "Group",
          "indexId": "5:2627038740284806767",
          "type": 11,
          "flags": 520,
          "relationTarget": "Group"
        }
      ],
      "relations": [
        {
          "id": "1:6303220950515014660",
          "name": "Groups",
          "targetId": "1:8717895732742165505"
        }
      ]
    },
    {
      "id": "9:4035568504096476779",
      "lastPropertyId": "1:959367522974354090",
      "name": "TaskRelManyPtr",
      "properties": [
        {
          "id": "1:959367522974354090",
          "name": "Id",
          "type": 6,
          "flags": 1
        }
      ],
      "relations": [
        {
          "id": "2:2914295034816259174",
          "name": "Groups",
          "targetId": "1:8717895732742165505"
        }
      ]
    },
    {
      "id": "10:1395437218309923052",
      "lastPropertyId": "1:6745438398739480977",
      "name": "TaskRelManyValue",
      "properties": [
        {
          "id": "1:6745438398739480977",
          "name": "Id",
          "type": 6,
          "flags": 1
        }
      ],
      "relations": [
        {
          "id": "3:2897681629866238117",
          "name": "Groups",
          "targetId": "2:501233450539197794"
        }
      ]
    }
  ],
  "lastEntityId": "10:1395437218309923052",
  "lastIndexId": "5:2627038740284806767",
  "lastRelationId": "3:2897681629866238117",
  "modelVersion": 5,
  "modelVersionParserMinimum": 5,
  "retiredEntityUids": [],
  "retiredIndexUids": [],
  "retiredPropertyUids": [],
  "retiredRelationUids": [],
  "version": 1
}